
Memory Configuration

Name             Origin             Length             Attributes
ram              0x0000000000000000 0x0000000000040000 xrw
rom0             0x0000000000c00000 0x0000000000080000
device           0x0000000000fff000 0x0000000000001000
*default*        0x0000000000000000 0xffffffffffffffff

Linker script and memory map

LOAD mem_destruct_break.o
                [!provide]                        PROVIDE (__stack = 0x3fff0)

.text           0x0000000000000400       0xb2
 *(.text)
 .text          0x0000000000000400       0xb2 mem_destruct_break.o

.data           0x00000000000004b4      0x127
                0x00000000000004b4                . = ALIGN (0x4)
 *(.data)
 .data          0x00000000000004b4      0x127 mem_destruct_break.o

.bss            0x00000000000005dc        0x0
                0x00000000000005dc                . = ALIGN (0x4)
 *(.bss)
 .bss           0x00000000000005dc        0x0 mem_destruct_break.o

.stab
 *(.stab)

.stabstr
 *(.stabstr)
Address of section .text set to 0x400
OUTPUT(mem_destruct_break.abs.tmp464026 srec)

Cross Reference Table

Symbol                                            File
No symbols
