
Memory Configuration

Name             Origin             Length             Attributes
ram              0x0000000000000000 0x0000000000040000 xrw
rom0             0x0000000000c00000 0x0000000000080000
device           0x0000000000fff000 0x0000000000001000
*default*        0x0000000000000000 0xffffffffffffffff

Linker script and memory map

LOAD address_book.o
                [!provide]                        PROVIDE (__stack = 0x3fff0)

.text           0x0000000000000400       0x56
 *(.text)
 .text          0x0000000000000400       0x56 address_book.o

.data           0x0000000000000458       0xb4
                0x0000000000000458                . = ALIGN (0x4)
 *(.data)
 .data          0x0000000000000458       0xb4 address_book.o

.bss            0x000000000000050c        0x0
                0x000000000000050c                . = ALIGN (0x4)
 *(.bss)
 .bss           0x000000000000050c        0x0 address_book.o

.stab
 *(.stab)

.stabstr
 *(.stabstr)
Address of section .text set to 0x400
OUTPUT(address_book.abs.tmp163556 srec)

Cross Reference Table

Symbol                                            File
No symbols
