Archive member included to satisfy reference by file (symbol)

/usr/local/m68k-elf/lib/libc.a(libc_a-exit.o)
                              crt0.o (exit)
/usr/local/m68k-elf/lib/libc.a(libc_a-fdopen.o)
                              test3.o (fdopen)
/usr/local/m68k-elf/lib/libc.a(libc_a-findfp.o)
                              /usr/local/m68k-elf/lib/libc.a(libc_a-exit.o) (__stdio_exit_handler)
/usr/local/m68k-elf/lib/libc.a(libc_a-flags.o)
                              /usr/local/m68k-elf/lib/libc.a(libc_a-fdopen.o) (__sflags)
/usr/local/m68k-elf/lib/libc.a(libc_a-fputc.o)
                              test3.o (fputc)
/usr/local/m68k-elf/lib/libc.a(libc_a-fscanf.o)
                              test3.o (fscanf)
/usr/local/m68k-elf/lib/libc.a(libc_a-fwalk.o)
                              /usr/local/m68k-elf/lib/libc.a(libc_a-findfp.o) (_fwalk_sglue)
/usr/local/m68k-elf/lib/libc.a(libc_a-putc.o)
                              /usr/local/m68k-elf/lib/libc.a(libc_a-fputc.o) (_putc_r)
/usr/local/m68k-elf/lib/libc.a(libc_a-puts.o)
                              mtk_c.o (puts)
/usr/local/m68k-elf/lib/libc.a(libc_a-stdio.o)
                              /usr/local/m68k-elf/lib/libc.a(libc_a-fdopen.o) (__sread)
/usr/local/m68k-elf/lib/libc.a(libc_a-wbuf.o)
                              /usr/local/m68k-elf/lib/libc.a(libc_a-putc.o) (__swbuf_r)
/usr/local/m68k-elf/lib/libc.a(libc_a-wsetup.o)
                              /usr/local/m68k-elf/lib/libc.a(libc_a-wbuf.o) (__swsetup_r)
/usr/local/m68k-elf/lib/libc.a(libc_a-closer.o)
                              /usr/local/m68k-elf/lib/libc.a(libc_a-stdio.o) (_close_r)
/usr/local/m68k-elf/lib/libc.a(libc_a-reent.o)
                              /usr/local/m68k-elf/lib/libc.a(libc_a-closer.o) (errno)
/usr/local/m68k-elf/lib/libc.a(libc_a-impure.o)
                              /usr/local/m68k-elf/lib/libc.a(libc_a-fdopen.o) (_impure_ptr)
/usr/local/m68k-elf/lib/libc.a(libc_a-lseekr.o)
                              /usr/local/m68k-elf/lib/libc.a(libc_a-stdio.o) (_lseek_r)
/usr/local/m68k-elf/lib/libc.a(libc_a-readr.o)
                              /usr/local/m68k-elf/lib/libc.a(libc_a-stdio.o) (_read_r)
/usr/local/m68k-elf/lib/libc.a(libc_a-writer.o)
                              /usr/local/m68k-elf/lib/libc.a(libc_a-stdio.o) (_write_r)
/usr/local/m68k-elf/lib/libc.a(libc_a-strlen.o)
                              /usr/local/m68k-elf/lib/libc.a(libc_a-puts.o) (strlen)
/usr/local/m68k-elf/lib/libc.a(libc_a-memset.o)
                              /usr/local/m68k-elf/lib/libc.a(libc_a-findfp.o) (memset)
/usr/local/m68k-elf/lib/libc.a(libc_a-__call_atexit.o)
                              /usr/local/m68k-elf/lib/libc.a(libc_a-exit.o) (__call_exitprocs)
/usr/local/m68k-elf/lib/libc.a(libc_a-freer.o)
                              /usr/local/m68k-elf/lib/libc.a(libc_a-wsetup.o) (_free_r)
/usr/local/m68k-elf/lib/libc.a(libc_a-mallocr.o)
                              /usr/local/m68k-elf/lib/libc.a(libc_a-findfp.o) (_malloc_r)
/usr/local/m68k-elf/lib/libc.a(libc_a-mlock.o)
                              /usr/local/m68k-elf/lib/libc.a(libc_a-freer.o) (__malloc_lock)
/usr/local/m68k-elf/lib/libc.a(libc_a-vfscanf.o)
                              /usr/local/m68k-elf/lib/libc.a(libc_a-fscanf.o) (_vfscanf_r)
/usr/local/m68k-elf/lib/libc.a(libc_a-fclose.o)
                              /usr/local/m68k-elf/lib/libc.a(libc_a-findfp.o) (_fclose_r)
/usr/local/m68k-elf/lib/libc.a(libc_a-fflush.o)
                              /usr/local/m68k-elf/lib/libc.a(libc_a-fclose.o) (__sflush_r)
/usr/local/m68k-elf/lib/libc.a(libc_a-fread.o)
                              /usr/local/m68k-elf/lib/libc.a(libc_a-vfscanf.o) (_fread_r)
/usr/local/m68k-elf/lib/libc.a(libc_a-fvwrite.o)
                              /usr/local/m68k-elf/lib/libc.a(libc_a-puts.o) (__sfvwrite_r)
/usr/local/m68k-elf/lib/libc.a(libc_a-makebuf.o)
                              /usr/local/m68k-elf/lib/libc.a(libc_a-wsetup.o) (__smakebuf_r)
/usr/local/m68k-elf/lib/libc.a(libc_a-refill.o)
                              /usr/local/m68k-elf/lib/libc.a(libc_a-vfscanf.o) (__srefill_r)
/usr/local/m68k-elf/lib/libc.a(libc_a-sccl.o)
                              /usr/local/m68k-elf/lib/libc.a(libc_a-vfscanf.o) (__sccl)
/usr/local/m68k-elf/lib/libc.a(libc_a-sprintf.o)
                              /usr/local/m68k-elf/lib/libc.a(libc_a-vfscanf.o) (sprintf)
/usr/local/m68k-elf/lib/libc.a(libc_a-ungetc.o)
                              /usr/local/m68k-elf/lib/libc.a(libc_a-vfscanf.o) (_ungetc_r)
/usr/local/m68k-elf/lib/libc.a(libc_a-memchr.o)
                              /usr/local/m68k-elf/lib/libc.a(libc_a-fvwrite.o) (memchr)
/usr/local/m68k-elf/lib/libc.a(libc_a-memmove.o)
                              /usr/local/m68k-elf/lib/libc.a(libc_a-fvwrite.o) (memmove)
/usr/local/m68k-elf/lib/libc.a(libc_a-locale.o)
                              /usr/local/m68k-elf/lib/libc.a(libc_a-vfscanf.o) (__locale_mb_cur_max)
/usr/local/m68k-elf/lib/libc.a(libc_a-localeconv.o)
[...]
Memory Configuration

Name             Origin             Length             Attributes
ram              0x0000000000000000 0x0000000000040000 xrw
rom0             0x0000000000c00000 0x0000000000080000
device           0x0000000000fff000 0x0000000000001000
*default*        0x0000000000000000 0xffffffffffffffff

Linker script and memory map

LOAD crt0.o
LOAD mon.o
LOAD csys68k.o
LOAD inchrw.o
LOAD mtk_asm.o
LOAD mtk_c.o
LOAD outchr.o
LOAD test3.o
START GROUP
LOAD /usr/local/m68k-elf/lib/libidp.a
LOAD /usr/local/m68k-elf/lib/libc.a
LOAD /usr/local/lib/gcc/m68k-elf/11/libgcc.a
END GROUP
                0x0000000000000000                __DYNAMIC = 0x0
                0x000000000003fff0                PROVIDE (__stack = 0x3fff0)
                0x0000000000000000                PROVIDE (hardware_init_hook = 0x0)
                [!provide]                        PROVIDE (_hardware_init_hook = 0x0)
                0x0000000000000000                PROVIDE (software_init_hook = 0x0)
                [!provide]                        PROVIDE (_software_init_hook = 0x0)

.vector
 *(.vector)

.text           0x0000000000000400    0x11b50
                0x0000000000000400                __text_start = .
 *(.text)
 .text          0x0000000000000400       0x90 crt0.o
                0x000000000000043c                start
 .text          0x0000000000000490      0x41a mon.o
                0x0000000000000490                monitor_begin
 *fill*         0x00000000000008aa        0x2 
 .text          0x00000000000008ac      0x152 csys68k.o
                0x00000000000008ac                read
                0x000000000000097e                write
 *fill*         0x00000000000009fe        0x2 
 .text          0x0000000000000a00       0x32 inchrw.o
                0x0000000000000a00                inbyte
 *fill*         0x0000000000000a32        0x2 
 .text          0x0000000000000a34      0x13e mtk_asm.o
                0x0000000000000a34                P
                0x0000000000000a4a                V
                0x0000000000000a60                pv_handler
                0x0000000000000aa2                swtch
                0x0000000000000af0                first_task
                0x0000000000000b1a                init_timer
 *fill*         0x0000000000000b72        0x2 
 .text          0x0000000000000b74      0x3da mtk_c.o
                0x0000000000000b74                init_kernel
                0x0000000000000bd0                set_task
                0x0000000000000ca4                init_stack
                0x0000000000000ce6                begin_sch
                0x0000000000000d2a                addq
                0x0000000000000d82                removeq
                0x0000000000000da2                sched
                0x0000000000000dce                sleep
                0x0000000000000e6e                p_body
                0x0000000000000e98                wakeup
                0x0000000000000f24                v_body
 *fill*         0x0000000000000f4e        0x2 
 .text          0x0000000000000f50       0x3c outchr.o
                0x0000000000000f50                outbyte
 .text          0x0000000000000f8c       0x16 test3.o
                0x0000000000000f8c                fcntl
                0x0000000000000f9e                task1
                0x0000000000000fa0                task2
 *fill*         0x0000000000000fa2        0x2 
 .text          0x0000000000000fa4       0x28 /usr/local/m68k-elf/lib/libc.a(libc_a-exit.o)
                0x0000000000000fa4                exit
 .text          0x0000000000000fcc      0x102 /usr/local/m68k-elf/lib/libc.a(libc_a-fdopen.o)
                0x0000000000000fcc                _fdopen_r
                0x000000000000104c                fdopen
 *fill*         0x00000000000010ce        0x2 
 .text          0x00000000000010d0      0x362 /usr/local/m68k-elf/lib/libc.a(libc_a-findfp.o)
                0x00000000000012d0                __sfp
                0x00000000000013de                __sinit
                0x00000000000013fe                __sfp_lock_acquire
                0x0000000000001400                __sfp_lock_release
                0x0000000000001402                __fp_lock_all
                0x000000000000141a                __fp_unlock_all
 *fill*         0x0000000000001432        0x2 
 .text          0x0000000000001434       0xaa /usr/local/m68k-elf/lib/libc.a(libc_a-flags.o)
                0x0000000000001434                __sflags
 *fill*         0x00000000000014de        0x2 
 .text          0x00000000000014e0       0xa0 /usr/local/m68k-elf/lib/libc.a(libc_a-fputc.o)
                0x00000000000014e0                _fputc_r
                0x0000000000001532                fputc
 .text          0x0000000000001580       0x46 /usr/local/m68k-elf/lib/libc.a(libc_a-fscanf.o)
                0x0000000000001580                fscanf
                0x00000000000015a4                _fscanf_r
 *fill*         0x00000000000015c6        0x2 
 .text          0x00000000000015c8       0x56 /usr/local/m68k-elf/lib/libc.a(libc_a-fwalk.o)
                0x00000000000015c8                _fwalk_sglue
 *fill*         0x000000000000161e        0x2 
 .text          0x0000000000001620       0xec /usr/local/m68k-elf/lib/libc.a(libc_a-putc.o)
                0x0000000000001620                _putc_r
                0x0000000000001698                putc
 .text          0x000000000000170c       0xb6 /usr/local/m68k-elf/lib/libc.a(libc_a-puts.o)
                0x000000000000170c                _puts_r
                0x00000000000017b0                puts
 *fill*         0x00000000000017c2        0x2 
 .text          0x00000000000017c4      0x114 /usr/local/m68k-elf/lib/libc.a(libc_a-stdio.o)
                0x00000000000017c4                __sread
                0x00000000000017fc                __seofread
                0x0000000000001800                __swrite
                0x0000000000001886                __sseek
                0x00000000000018c6                __sclose
 .text          0x00000000000018d8      0x12a /usr/local/m68k-elf/lib/libc.a(libc_a-wbuf.o)
                0x00000000000018d8                __swbuf_r
                0x00000000000019ea                __swbuf
 *fill*         0x0000000000001a02        0x2 
 .text          0x0000000000001a04      0x12a /usr/local/m68k-elf/lib/libc.a(libc_a-wsetup.o)
                0x0000000000001a04                __swsetup_r
 *fill*         0x0000000000001b2e        0x2 
 .text          0x0000000000001b30       0x2a /usr/local/m68k-elf/lib/libc.a(libc_a-closer.o)
                0x0000000000001b30                _close_r
 *fill*         0x0000000000001b5a        0x2 
 .text          0x0000000000001b5c       0x92 /usr/local/m68k-elf/lib/libc.a(libc_a-reent.o)
                0x0000000000001b5c                _reclaim_reent
 *fill*         0x0000000000001bee        0x2 
 .text          0x0000000000001bf0        0x0 /usr/local/m68k-elf/lib/libc.a(libc_a-impure.o)
 .text          0x0000000000001bf0       0x34 /usr/local/m68k-elf/lib/libc.a(libc_a-lseekr.o)
                0x0000000000001bf0                _lseek_r
 .text          0x0000000000001c24       0x34 /usr/local/m68k-elf/lib/libc.a(libc_a-readr.o)
                0x0000000000001c24                _read_r
 .text          0x0000000000001c58       0x34 /usr/local/m68k-elf/lib/libc.a(libc_a-writer.o)
                0x0000000000001c58                _write_r
 .text          0x0000000000001c8c       0x14 /usr/local/m68k-elf/lib/libc.a(libc_a-strlen.o)
                0x0000000000001c8c                strlen
 .text          0x0000000000001ca0       0x72 /usr/local/m68k-elf/lib/libc.a(libc_a-memset.o)
                0x0000000000001ca0                memset
 *fill*         0x0000000000001d12        0x2 
 .text          0x0000000000001d14       0xaa /usr/local/m68k-elf/lib/libc.a(libc_a-__call_atexit.o)
                0x0000000000001d14                __call_exitprocs
 *fill*         0x0000000000001dbe        0x2 
 .text          0x0000000000001dc0      0x424 /usr/local/m68k-elf/lib/libc.a(libc_a-freer.o)
                0x0000000000001dc0                _malloc_trim_r
                0x0000000000001e9a                _free_r
 .text          0x00000000000021e4      0x85a /usr/local/m68k-elf/lib/libc.a(libc_a-mallocr.o)
                0x00000000000021e4                _malloc_r
 *fill*         0x0000000000002a3e        0x2 
 .text          0x0000000000002a40        0x4 /usr/local/m68k-elf/lib/libc.a(libc_a-mlock.o)
                0x0000000000002a40                __malloc_lock
                0x0000000000002a42                __malloc_unlock
 .text          0x0000000000002a44     0x188c /usr/local/m68k-elf/lib/libc.a(libc_a-vfscanf.o)
                0x0000000000002a44                __svfscanf_r
                0x0000000000004208                vfscanf
                0x000000000000425a                __svfscanf
                0x0000000000004276                _vfscanf_r
 .text          0x00000000000042d0       0xea /usr/local/m68k-elf/lib/libc.a(libc_a-fclose.o)
                0x00000000000042d0                _fclose_r
                0x00000000000043a8                fclose
 *fill*         0x00000000000043ba        0x2 
 .text          0x00000000000043bc      0x296 /usr/local/m68k-elf/lib/libc.a(libc_a-fflush.o)
                0x00000000000043bc                __sflush_r
                0x00000000000045a0                _fflush_r
                0x00000000000045e2                fflush
 *fill*         0x0000000000004652        0x2 
 .text          0x0000000000004654      0x1ee /usr/local/m68k-elf/lib/libc.a(libc_a-fread.o)
                0x0000000000004654                _fread_r
                0x0000000000004822                fread
 *fill*         0x0000000000004842        0x2 
 .text          0x0000000000004844      0x3cc /usr/local/m68k-elf/lib/libc.a(libc_a-fvwrite.o)
                0x0000000000004844                __sfvwrite_r
 .text          0x0000000000004c10      0x1d2 /usr/local/m68k-elf/lib/libc.a(libc_a-makebuf.o)
                0x0000000000004c10                __smakebuf_r
                0x0000000000004d46                __swhatbuf_r
 *fill*         0x0000000000004de2        0x2 
 .text          0x0000000000004de4      0x1fc /usr/local/m68k-elf/lib/libc.a(libc_a-refill.o)
                0x0000000000004e0c                __srefill_r
 .text          0x0000000000004fe0       0xce /usr/local/m68k-elf/lib/libc.a(libc_a-sccl.o)
                0x0000000000004fe0                __sccl
 *fill*         0x00000000000050ae        0x2 
 .text          0x00000000000050b0       0xa2 /usr/local/m68k-elf/lib/libc.a(libc_a-sprintf.o)
                0x00000000000050b0                _sprintf_r
                0x0000000000005100                sprintf
 *fill*         0x0000000000005152        0x2 
 .text          0x0000000000005154      0x1fe /usr/local/m68k-elf/lib/libc.a(libc_a-ungetc.o)
                0x0000000000005154                __submore
                0x00000000000051f6                _ungetc_r
                0x000000000000533a                ungetc
 *fill*         0x0000000000005352        0x2 
 .text          0x0000000000005354       0x9c /usr/local/m68k-elf/lib/libc.a(libc_a-memchr.o)
                0x0000000000005354                memchr
 .text          0x00000000000053f0       0xfa /usr/local/m68k-elf/lib/libc.a(libc_a-memmove.o)
                0x00000000000053f0                memmove
 *fill*         0x00000000000054ea        0x2 
 .text          0x00000000000054ec       0xb4 /usr/local/m68k-elf/lib/libc.a(libc_a-locale.o)
                0x00000000000054ec                _setlocale_r
                0x0000000000005540                __locale_mb_cur_max
                0x000000000000554c                setlocale
 .text          0x00000000000055a0       0x1c /usr/local/m68k-elf/lib/libc.a(libc_a-localeconv.o)
                0x00000000000055a0                __localeconv_l
                0x00000000000055ac                _localeconv_r
                0x00000000000055b4                localeconv
 .text          0x00000000000055bc       0x2e /usr/local/m68k-elf/lib/libc.a(libc_a-fstatr.o)
                0x00000000000055bc                _fstat_r
 *fill*         0x00000000000055ea        0x2 
 .text          0x00000000000055ec       0x2a /usr/local/m68k-elf/lib/libc.a(libc_a-isattyr.o)
                0x00000000000055ec                _isatty_r
 *fill*         0x0000000000005616        0x2 
 .text          0x0000000000005618       0x2a /usr/local/m68k-elf/lib/libc.a(libc_a-sbrkr.o)
                0x0000000000005618                _sbrk_r
 *fill*         0x0000000000005642        0x2 
 .text          0x0000000000005644       0x6e /usr/local/m68k-elf/lib/libc.a(libc_a-memcpy.o)
                0x0000000000005644                memcpy
 *fill*         0x00000000000056b2        0x2 
 .text          0x00000000000056b4        0x8 /usr/local/m68k-elf/lib/libc.a(libm_a-sf_nan.o)
                0x00000000000056b4                nanf
 .text          0x00000000000056bc       0x4c /usr/local/m68k-elf/lib/libc.a(libc_a-mbtowc_r.o)
                0x00000000000056bc                _mbtowc_r
                0x00000000000056c4                __ascii_mbtowc
 .text          0x0000000000005708      0x61a /usr/local/m68k-elf/lib/libc.a(libc_a-reallocr.o)
                0x0000000000005708                _realloc_r
 *fill*         0x0000000000005d22        0x2 
 .text          0x0000000000005d24     0x1980 /usr/local/m68k-elf/lib/libc.a(libc_a-strtod.o)
                0x0000000000005d24                _strtod_l
                0x000000000000744a                _strtod_r
                0x0000000000007466                strtod_l
                0x0000000000007482                strtod
                0x00000000000074a0                strtof_l
                0x000000000000759c                strtof
 .text          0x00000000000076a4      0x2ba /usr/local/m68k-elf/lib/libc.a(libc_a-strtol.o)
                0x0000000000007920                _strtol_r
                0x0000000000007924                strtol_l
                0x0000000000007942                strtol
 *fill*         0x000000000000795e        0x2 
 .text          0x0000000000007960      0x240 /usr/local/m68k-elf/lib/libc.a(libc_a-strtoul.o)
                0x0000000000007b62                _strtoul_r
                0x0000000000007b66                strtoul_l
                0x0000000000007b84                strtoul
 .text          0x0000000000007ba0       0x36 /usr/local/m68k-elf/lib/libc.a(libc_a-wctomb_r.o)
                0x0000000000007ba0                _wctomb_r
                0x0000000000007ba8                __ascii_wctomb
 *fill*         0x0000000000007bd6        0x2 
 .text          0x0000000000007bd8       0xc8 /usr/local/m68k-elf/lib/libc.a(libc_a-mbrtowc.o)
                0x0000000000007bd8                _mbrtowc_r
                0x0000000000007c3a                mbrtowc
 .text          0x0000000000007ca0        0x0 /usr/local/m68k-elf/lib/libc.a(libc_a-ctype_.o)
 .text          0x0000000000007ca0       0x10 /usr/local/m68k-elf/lib/libc.a(libc_a-iswspace.o)
                0x0000000000007ca0                iswspace
 .text          0x0000000000007cb0       0x26 /usr/local/m68k-elf/lib/libc.a(libc_a-iswspace_l.o)
                0x0000000000007cb0                iswspace_l
 *fill*         0x0000000000007cd6        0x2 
 .text          0x0000000000007cd8     0x1db0 /usr/local/m68k-elf/lib/libc.a(libc_a-svfprintf.o)
                0x0000000000007cd8                _svfprintf_r
 .text          0x0000000000009a88       0x6e /usr/local/m68k-elf/lib/libc.a(libc_a-strcmp.o)
                0x0000000000009a88                strcmp
 *fill*         0x0000000000009af6        0x2 
 .text          0x0000000000009af8       0xa4 /usr/local/m68k-elf/lib/libc.a(libc_a-strncmp.o)
                0x0000000000009af8                strncmp
 .text          0x0000000000009b9c        0x8 /usr/local/m68k-elf/lib/libc.a(libc_a-errno.o)
                0x0000000000009b9c                __errno
 .text          0x0000000000009ba4        0xa /usr/local/m68k-elf/lib/libc.a(libm_a-s_nan.o)
                0x0000000000009ba4                nan
 *fill*         0x0000000000009bae        0x2 
 .text          0x0000000000009bb0     0x1ae0 /usr/local/m68k-elf/lib/libc.a(libc_a-dtoa.o)
                0x0000000000009d38                _dtoa_r
 .text          0x000000000000b690      0x8d0 /usr/local/m68k-elf/lib/libc.a(libc_a-gdtoa-gethex.o)
                0x000000000000b75e                __gethex
 .text          0x000000000000bf60      0x268 /usr/local/m68k-elf/lib/libc.a(libc_a-gdtoa-hexnan.o)
                0x000000000000bf60                __match
                0x000000000000bfa6                __hexnan
 .text          0x000000000000c1c8      0xe1a /usr/local/m68k-elf/lib/libc.a(libc_a-mprec.o)
                0x000000000000c1c8                _Balloc
                0x000000000000c258                _Bfree
                0x000000000000c27c                __multadd
                0x000000000000c376                __s2b
                0x000000000000c452                __hi0bits
                0x000000000000c4ac                __lo0bits
                0x000000000000c522                __i2b
                0x000000000000c5c6                __multiply
                0x000000000000c7d6                __pow5mult
                0x000000000000c8ce                __lshift
                0x000000000000c9be                __mcmp
                0x000000000000ca0c                __mdiff
                0x000000000000cbe2                __ulp
                0x000000000000cc34                __b2d
                0x000000000000cd26                __d2b
                0x000000000000ce40                __ratio
                0x000000000000ced8                _mprec_log10
                0x000000000000cf32                __copybits
                0x000000000000cf88                __any_on
 *fill*         0x000000000000cfe2        0x2 
 .text          0x000000000000cfe4      0xe32 /usr/local/m68k-elf/lib/libc.a(libc_a-svfiprintf.o)
                0x000000000000cfe4                __ssprint_r
                0x000000000000d144                _svfiprintf_r
 *fill*         0x000000000000de16        0x2 
 .text          0x000000000000de18       0x80 /usr/local/m68k-elf/lib/libc.a(libc_a-assert.o)
                0x000000000000de18                __assert_func
                0x000000000000de86                __assert
 .text          0x000000000000de98      0x122 /usr/local/m68k-elf/lib/libc.a(libc_a-callocr.o)
                0x000000000000de98                _calloc_r
 *fill*         0x000000000000dfba        0x2 
 .text          0x000000000000dfbc       0x46 /usr/local/m68k-elf/lib/libc.a(libc_a-fiprintf.o)
                0x000000000000dfbc                _fiprintf_r
                0x000000000000dfde                fiprintf
 *fill*         0x000000000000e002        0x2 
 .text          0x000000000000e004     0x11c4 /usr/local/m68k-elf/lib/libc.a(libc_a-vfiprintf.o)
                0x000000000000e0a0                __sprint_r
                0x000000000000e0ca                _vfiprintf_r
                0x000000000000f10a                vfiprintf
 .text          0x000000000000f1c8      0x166 /usr/local/m68k-elf/lib/libc.a(libc_a-fputwc.o)
                0x000000000000f1c8                __fputwc
                0x000000000000f2a6                _fputwc_r
                0x000000000000f2da                fputwc
 *fill*         0x000000000000f32e        0x2 
 .text          0x000000000000f330       0x14 /usr/local/m68k-elf/lib/libc.a(libc_a-abort.o)
                0x000000000000f330                abort
 .text          0x000000000000f344       0xc8 /usr/local/m68k-elf/lib/libc.a(libc_a-wcrtomb.o)
                0x000000000000f344                _wcrtomb_r
                0x000000000000f3a4                wcrtomb
 .text          0x000000000000f40c      0x390 /usr/local/m68k-elf/lib/libc.a(libc_a-signal.o)
                0x000000000000f40c                _init_signal_r
                0x000000000000f44e                _signal_r
                0x000000000000f4ba                _raise_r
                0x000000000000f53e                __sigtramp_r
                0x000000000000f5d0                raise
                0x000000000000f656                signal
                0x000000000000f6c4                _init_signal
                0x000000000000f708                __sigtramp
 .text          0x000000000000f79c       0x34 /usr/local/m68k-elf/lib/libc.a(libc_a-signalr.o)
                0x000000000000f79c                _kill_r
                0x000000000000f7ca                _getpid_r
 .text          0x000000000000f7d0       0x22 /usr/local/lib/gcc/m68k-elf/11/libgcc.a(_mulsi3.o)
                0x000000000000f7d0                __mulsi3
 *fill*         0x000000000000f7f2        0x2 
 .text          0x000000000000f7f4       0x5c /usr/local/lib/gcc/m68k-elf/11/libgcc.a(_udivsi3.o)
                0x000000000000f7f4                __udivsi3
 .text          0x000000000000f850       0x2e /usr/local/lib/gcc/m68k-elf/11/libgcc.a(_divsi3.o)
                0x000000000000f850                __divsi3
 *fill*         0x000000000000f87e        0x2 
 .text          0x000000000000f880       0x2e /usr/local/lib/gcc/m68k-elf/11/libgcc.a(_umodsi3.o)
                0x000000000000f880                __umodsi3
 *fill*         0x000000000000f8ae        0x2 
 .text          0x000000000000f8b0       0x2e /usr/local/lib/gcc/m68k-elf/11/libgcc.a(_modsi3.o)
                0x000000000000f8b0                __modsi3
 *fill*         0x000000000000f8de        0x2 
 .text          0x000000000000f8e0      0x9cc /usr/local/lib/gcc/m68k-elf/11/libgcc.a(_double.o)
                0x000000000000f93a                __subdf3
                0x000000000000f940                __adddf3
                0x000000000000fcd6                __muldf3
                0x000000000000fe84                __divdf3
                0x00000000000100f8                __negdf2
                0x0000000000010156                __cmpdf2_internal
                0x0000000000010226                __cmpdf2
 .text          0x00000000000102ac       0x6a /usr/local/lib/gcc/m68k-elf/11/libgcc.a(_floatex.o)
                0x00000000000102ac                __clear_sticky_bit
                0x00000000000102ba                $_exception_handler
 *fill*         0x0000000000010316        0x2 
 .text          0x0000000000010318       0x22 /usr/local/lib/gcc/m68k-elf/11/libgcc.a(_eqdf2.o)
                0x0000000000010318                __eqdf2
 *fill*         0x000000000001033a        0x2 
 .text          0x000000000001033c       0x22 /usr/local/lib/gcc/m68k-elf/11/libgcc.a(_nedf2.o)
                0x000000000001033c                __nedf2
 *fill*         0x000000000001035e        0x2 
 .text          0x0000000000010360       0x22 /usr/local/lib/gcc/m68k-elf/11/libgcc.a(_gtdf2.o)
                0x0000000000010360                __gtdf2
 *fill*         0x0000000000010382        0x2 
 .text          0x0000000000010384       0x22 /usr/local/lib/gcc/m68k-elf/11/libgcc.a(_ltdf2.o)
                0x0000000000010384                __ltdf2
 *fill*         0x00000000000103a6        0x2 
 .text          0x00000000000103a8       0x22 /usr/local/lib/gcc/m68k-elf/11/libgcc.a(_ledf2.o)
                0x00000000000103a8                __ledf2
 *fill*         0x00000000000103ca        0x2 
 .text          0x00000000000103cc       0x1a /usr/local/lib/gcc/m68k-elf/11/libgcc.a(_lesf2.o)
                0x00000000000103cc                __lesf2
 *fill*         0x00000000000103e6        0x2 
 .text          0x00000000000103e8       0x66 /usr/local/lib/gcc/m68k-elf/11/libgcc.a(_fixunsdfsi.o)
                0x00000000000103e8                __fixunsdfsi
 *fill*         0x000000000001044e        0x2 
 .text          0x0000000000010450       0x52 /usr/local/lib/gcc/m68k-elf/11/libgcc.a(_fixdfdi.o)
                0x0000000000010450                __fixdfdi
 *fill*         0x00000000000104a2        0x2 
 .text          0x00000000000104a4       0x72 /usr/local/lib/gcc/m68k-elf/11/libgcc.a(_fixunsdfdi.o)
                0x00000000000104a4                __fixunsdfdi
 *fill*         0x0000000000010516        0x2 
 .text          0x0000000000010518       0x4a /usr/local/lib/gcc/m68k-elf/11/libgcc.a(_floatdidf.o)
                0x0000000000010518                __floatdidf
 *fill*         0x0000000000010562        0x2 
 .text          0x0000000000010564      0x53a /usr/local/lib/gcc/m68k-elf/11/libgcc.a(fpgnulib.o)
                0x0000000000010612                __unordsf2
                0x0000000000010668                __unorddf2
                0x00000000000106d8                __floatunsidf
                0x000000000001074e                __floatsidf
                0x0000000000010762                __floatunsisf
                0x00000000000107dc                __floatsisf
                0x00000000000107f8                __extendsfdf2
                0x000000000001086c                __truncdfsf2
                0x000000000001097a                __fixdfsi
                0x0000000000010a0a                __fixsfsi
 *fill*         0x0000000000010a9e        0x2 
 .text          0x0000000000010aa0      0x8c0 /usr/local/lib/gcc/m68k-elf/11/libgcc.a(xfgnulib.o)
                0x0000000000010aa0                __unordxf2
                0x0000000000010b40                __extenddfxf2
                0x0000000000010bf4                __truncxfdf2
                0x0000000000010cbc                __extendsfxf2
                0x0000000000010d76                __truncxfsf2
                0x0000000000010e70                __floatsixf
                0x0000000000010eb6                __floatunsixf
                0x0000000000010efc                __fixxfsi
                0x0000000000010f1e                __addxf3
                0x0000000000010f94                __subxf3
                0x000000000001100a                __mulxf3
                0x0000000000011080                __divxf3
                0x00000000000110f6                __negxf2
                0x000000000001114c                __cmpxf2
                0x0000000000011198                __eqxf2
                0x00000000000111e4                __nexf2
                0x0000000000011230                __ltxf2
                0x000000000001127c                __lexf2
                0x00000000000112c8                __gtxf2
                0x0000000000011314                __gexf2
 .text          0x0000000000011360      0x72a /usr/local/lib/gcc/m68k-elf/11/libgcc.a(_float.o)
                0x00000000000113a8                __subsf3
                0x00000000000113ae                __addsf3
                0x000000000001163c                __mulsf3
                0x0000000000011768                __divsf3
                0x000000000001192e                __negsf2
                0x0000000000011980                __cmpsf2_internal
                0x0000000000011a1c                __cmpsf2
 *fill*         0x0000000000011a8a        0x2 
 .text          0x0000000000011a8c       0x22 /usr/local/lib/gcc/m68k-elf/11/libgcc.a(_gedf2.o)
                0x0000000000011a8c                __gedf2
 *fill*         0x0000000000011aae        0x2 
 .text          0x0000000000011ab0        0x4 /usr/local/m68k-elf/lib/libidp.a(close.o)
                0x0000000000011ab0                close
 .text          0x0000000000011ab4       0x14 /usr/local/m68k-elf/lib/libidp.a(fstat.o)
                0x0000000000011ab4                fstat
 .text          0x0000000000011ac8        0x4 /usr/local/m68k-elf/lib/libidp.a(getpid.o)
                0x0000000000011ac8                getpid
 .text          0x0000000000011acc        0x4 /usr/local/m68k-elf/lib/libidp.a(isatty.o)
                0x0000000000011acc                isatty
 .text          0x0000000000011ad0       0x16 /usr/local/m68k-elf/lib/libidp.a(kill.o)
                0x0000000000011ad0                kill
 *fill*         0x0000000000011ae6        0x2 
 .text          0x0000000000011ae8       0x10 /usr/local/m68k-elf/lib/libidp.a(lseek.o)
                0x0000000000011ae8                lseek
 .text          0x0000000000011af8       0x2a /usr/local/m68k-elf/lib/libidp.a(sbrk.o)
                0x0000000000011af8                sbrk
 *fill*         0x0000000000011b22        0x2 
 .text          0x0000000000011b24       0x12 /usr/local/m68k-elf/lib/libidp.a(mc68ec.o)
                0x0000000000011b24                _exit
                0x0000000000011b28                delay
                0x0000000000011b38                . = ALIGN (0x4)
 *fill*         0x0000000000011b36        0x2 
                0x0000000000011b38                __CTOR_LIST__ = .
                0x0000000000011b38                ___CTOR_LIST__ = .
                0x0000000000011b38        0x4 LONG 0x0 (((__CTOR_END__ - __CTOR_LIST__) / 0x4) - 0x2)
 *(.ctors)
                0x0000000000011b3c        0x4 LONG 0x0
                0x0000000000011b40                __CTOR_END__ = .
                0x0000000000011b40                __DTOR_LIST__ = .
                0x0000000000011b40                ___DTOR_LIST__ = .
                0x0000000000011b40        0x4 LONG 0x0 (((__DTOR_END__ - __DTOR_LIST__) / 0x4) - 0x2)
 *(.dtors)
                0x0000000000011b44        0x4 LONG 0x0
                0x0000000000011b48                __DTOR_END__ = .
 *(.rodata)
 .rodata        0x0000000000011b48       0x22 /usr/local/m68k-elf/lib/libc.a(libc_a-vfscanf.o)
 .rodata        0x0000000000011b6a       0x50 /usr/local/m68k-elf/lib/libc.a(libc_a-strtod.o)
 .rodata        0x0000000000011bba      0x101 /usr/local/m68k-elf/lib/libc.a(libc_a-ctype_.o)
                0x0000000000011bba                _ctype_
 .rodata        0x0000000000011cbb       0x20 /usr/local/m68k-elf/lib/libc.a(libc_a-svfprintf.o)
 .rodata        0x0000000000011cdb      0x100 /usr/local/m68k-elf/lib/libc.a(libc_a-gdtoa-gethex.o)
                0x0000000000011cdb                __hexdig
 *fill*         0x0000000000011ddb        0x1 
 .rodata        0x0000000000011ddc      0x124 /usr/local/m68k-elf/lib/libc.a(libc_a-mprec.o)
                0x0000000000011de8                __mprec_tinytens
                0x0000000000011e10                __mprec_bigtens
                0x0000000000011e38                __mprec_tens
 .rodata        0x0000000000011f00       0x20 /usr/local/m68k-elf/lib/libc.a(libc_a-svfiprintf.o)
 .rodata        0x0000000000011f20       0x20 /usr/local/m68k-elf/lib/libc.a(libc_a-vfiprintf.o)
 *(.gcc_except_table)
                0x0000000000011f40                __INIT_SECTION__ = .
                0x0000000000011f40        0x4 LONG 0x4e560000
 *(.init)
                0x0000000000011f44        0x2 SHORT 0x4e5e
                0x0000000000011f46        0x2 SHORT 0x4e75
                0x0000000000011f48                __FINI_SECTION__ = .
                0x0000000000011f48        0x4 LONG 0x4e560000
 *(.fini)
                0x0000000000011f4c        0x2 SHORT 0x4e5e
                0x0000000000011f4e        0x2 SHORT 0x4e75
                0x0000000000011f50                _etext = .
 *(.lit)

.text.startup   0x0000000000011f50       0xb6
 .text.startup  0x0000000000011f50       0xb6 test3.o
                0x0000000000011f50                main

.rodata.str1.1  0x0000000000012006      0x1f8
 .rodata.str1.1
                0x0000000000012006        0xc mtk_c.o
 .rodata.str1.1
                0x0000000000012012        0x7 test3.o
 .rodata.str1.1
                0x0000000000012019        0x2 /usr/local/m68k-elf/lib/libc.a(libc_a-puts.o)
 .rodata.str1.1
                0x000000000001201b        0x6 /usr/local/m68k-elf/lib/libc.a(libc_a-vfscanf.o)
 .rodata.str1.1
                0x0000000000012021        0xb /usr/local/m68k-elf/lib/libc.a(libc_a-locale.o)
 .rodata.str1.1
                0x000000000001202c        0xf /usr/local/m68k-elf/lib/libc.a(libc_a-strtod.o)
 .rodata.str1.1
                0x000000000001203b        0x1 /usr/local/m68k-elf/lib/libc.a(libc_a-mbrtowc.o)
 .rodata.str1.1
                0x000000000001203c       0x3b /usr/local/m68k-elf/lib/libc.a(libc_a-svfprintf.o)
 .rodata.str1.1
                0x0000000000012077       0x59 /usr/local/m68k-elf/lib/libc.a(libc_a-dtoa.o)
 .rodata.str1.1
                0x00000000000120d0       0x54 /usr/local/m68k-elf/lib/libc.a(libc_a-gdtoa-gethex.o)
 .rodata.str1.1
                0x0000000000012124       0x4b /usr/local/m68k-elf/lib/libc.a(libc_a-mprec.o)
 .rodata.str1.1
                0x000000000001216f       0x29 /usr/local/m68k-elf/lib/libc.a(libc_a-svfiprintf.o)
 .rodata.str1.1
                0x0000000000012198       0x3d /usr/local/m68k-elf/lib/libc.a(libc_a-assert.o)
 .rodata.str1.1
                0x00000000000121d5       0x29 /usr/local/m68k-elf/lib/libc.a(libc_a-vfiprintf.o)

.data           0x0000000000012200      0x8ec
 *(.shdata)
 *(.data)
 .data          0x0000000000012200        0x4 crt0.o
 .data          0x0000000000012204      0x22a mon.o
 *fill*         0x000000000001242e        0x2 
 .data          0x0000000000012430        0x0 csys68k.o
 .data          0x0000000000012430        0x0 inchrw.o
 .data          0x0000000000012430        0x0 mtk_asm.o
 .data          0x0000000000012430        0x0 mtk_c.o
 .data          0x0000000000012430        0x0 outchr.o
 .data          0x0000000000012430        0x0 test3.o
 .data          0x0000000000012430        0x0 /usr/local/m68k-elf/lib/libc.a(libc_a-exit.o)
 .data          0x0000000000012430        0x0 /usr/local/m68k-elf/lib/libc.a(libc_a-fdopen.o)
 .data          0x0000000000012430        0xc /usr/local/m68k-elf/lib/libc.a(libc_a-findfp.o)
                0x0000000000012430                __sglue
 .data          0x000000000001243c        0x0 /usr/local/m68k-elf/lib/libc.a(libc_a-flags.o)
 .data          0x000000000001243c        0x0 /usr/local/m68k-elf/lib/libc.a(libc_a-fputc.o)
 .data          0x000000000001243c        0x0 /usr/local/m68k-elf/lib/libc.a(libc_a-fscanf.o)
 .data          0x000000000001243c        0x0 /usr/local/m68k-elf/lib/libc.a(libc_a-fwalk.o)
 .data          0x000000000001243c        0x0 /usr/local/m68k-elf/lib/libc.a(libc_a-putc.o)
 .data          0x000000000001243c        0x0 /usr/local/m68k-elf/lib/libc.a(libc_a-puts.o)
 .data          0x000000000001243c        0x0 /usr/local/m68k-elf/lib/libc.a(libc_a-stdio.o)
 .data          0x000000000001243c        0x0 /usr/local/m68k-elf/lib/libc.a(libc_a-wbuf.o)
 .data          0x000000000001243c        0x0 /usr/local/m68k-elf/lib/libc.a(libc_a-wsetup.o)
 .data          0x000000000001243c        0x0 /usr/local/m68k-elf/lib/libc.a(libc_a-closer.o)
 .data          0x000000000001243c        0x0 /usr/local/m68k-elf/lib/libc.a(libc_a-reent.o)
 .data          0x000000000001243c      0x11a /usr/local/m68k-elf/lib/libc.a(libc_a-impure.o)
                0x000000000001243c                _impure_ptr
                0x0000000000012440                _impure_data
 *fill*         0x0000000000012556        0x2 
 .data          0x0000000000012558        0x0 /usr/local/m68k-elf/lib/libc.a(libc_a-lseekr.o)
 .data          0x0000000000012558        0x0 /usr/local/m68k-elf/lib/libc.a(libc_a-readr.o)
 .data          0x0000000000012558        0x0 /usr/local/m68k-elf/lib/libc.a(libc_a-writer.o)
 .data          0x0000000000012558        0x0 /usr/local/m68k-elf/lib/libc.a(libc_a-strlen.o)
 .data          0x0000000000012558        0x0 /usr/local/m68k-elf/lib/libc.a(libc_a-memset.o)
 .data          0x0000000000012558        0x0 /usr/local/m68k-elf/lib/libc.a(libc_a-__call_atexit.o)
 .data          0x0000000000012558        0x0 /usr/local/m68k-elf/lib/libc.a(libc_a-freer.o)
 .data          0x0000000000012558      0x410 /usr/local/m68k-elf/lib/libc.a(libc_a-mallocr.o)
                0x0000000000012558                __malloc_sbrk_base
                0x000000000001255c                __malloc_trim_threshold
                0x0000000000012560                __malloc_av_
 .data          0x0000000000012968        0x0 /usr/local/m68k-elf/lib/libc.a(libc_a-mlock.o)
 .data          0x0000000000012968        0x0 /usr/local/m68k-elf/lib/libc.a(libc_a-vfscanf.o)
 .data          0x0000000000012968        0x0 /usr/local/m68k-elf/lib/libc.a(libc_a-fclose.o)
 .data          0x0000000000012968        0x0 /usr/local/m68k-elf/lib/libc.a(libc_a-fflush.o)
 .data          0x0000000000012968        0x0 /usr/local/m68k-elf/lib/libc.a(libc_a-fread.o)
 .data          0x0000000000012968        0x0 /usr/local/m68k-elf/lib/libc.a(libc_a-fvwrite.o)
 .data          0x0000000000012968        0x0 /usr/local/m68k-elf/lib/libc.a(libc_a-makebuf.o)
 .data          0x0000000000012968        0x0 /usr/local/m68k-elf/lib/libc.a(libc_a-refill.o)
 .data          0x0000000000012968        0x0 /usr/local/m68k-elf/lib/libc.a(libc_a-sccl.o)
 .data          0x0000000000012968        0x0 /usr/local/m68k-elf/lib/libc.a(libc_a-sprintf.o)
 .data          0x0000000000012968        0x0 /usr/local/m68k-elf/lib/libc.a(libc_a-ungetc.o)
 .data          0x0000000000012968        0x0 /usr/local/m68k-elf/lib/libc.a(libc_a-memchr.o)
 .data          0x0000000000012968        0x0 /usr/local/m68k-elf/lib/libc.a(libc_a-memmove.o)
 .data          0x0000000000012968      0x168 /usr/local/m68k-elf/lib/libc.a(libc_a-locale.o)
                0x0000000000012968                __global_locale
 .data          0x0000000000012ad0        0x0 /usr/local/m68k-elf/lib/libc.a(libc_a-localeconv.o)
 .data          0x0000000000012ad0        0x0 /usr/local/m68k-elf/lib/libc.a(libc_a-fstatr.o)
 .data          0x0000000000012ad0        0x0 /usr/local/m68k-elf/lib/libc.a(libc_a-isattyr.o)
 .data          0x0000000000012ad0        0x0 /usr/local/m68k-elf/lib/libc.a(libc_a-sbrkr.o)
 .data          0x0000000000012ad0        0x0 /usr/local/m68k-elf/lib/libc.a(libc_a-memcpy.o)
 .data          0x0000000000012ad0        0x0 /usr/local/m68k-elf/lib/libc.a(libm_a-sf_nan.o)
 .data          0x0000000000012ad0        0x0 /usr/local/m68k-elf/lib/libc.a(libc_a-mbtowc_r.o)
 .data          0x0000000000012ad0        0x0 /usr/local/m68k-elf/lib/libc.a(libc_a-reallocr.o)
 .data          0x0000000000012ad0        0x0 /usr/local/m68k-elf/lib/libc.a(libc_a-strtod.o)
 .data          0x0000000000012ad0        0x0 /usr/local/m68k-elf/lib/libc.a(libc_a-strtol.o)
 .data          0x0000000000012ad0        0x0 /usr/local/m68k-elf/lib/libc.a(libc_a-strtoul.o)
 .data          0x0000000000012ad0        0x0 /usr/local/m68k-elf/lib/libc.a(libc_a-wctomb_r.o)
 .data          0x0000000000012ad0        0x0 /usr/local/m68k-elf/lib/libc.a(libc_a-mbrtowc.o)
 .data          0x0000000000012ad0        0x0 /usr/local/m68k-elf/lib/libc.a(libc_a-ctype_.o)
 .data          0x0000000000012ad0        0x0 /usr/local/m68k-elf/lib/libc.a(libc_a-iswspace.o)
 .data          0x0000000000012ad0        0x0 /usr/local/m68k-elf/lib/libc.a(libc_a-iswspace_l.o)
 .data          0x0000000000012ad0        0x0 /usr/local/m68k-elf/lib/libc.a(libc_a-svfprintf.o)
 .data          0x0000000000012ad0        0x0 /usr/local/m68k-elf/lib/libc.a(libc_a-strcmp.o)
 .data          0x0000000000012ad0        0x0 /usr/local/m68k-elf/lib/libc.a(libc_a-strncmp.o)
 .data          0x0000000000012ad0        0x0 /usr/local/m68k-elf/lib/libc.a(libc_a-errno.o)
 .data          0x0000000000012ad0        0x0 /usr/local/m68k-elf/lib/libc.a(libm_a-s_nan.o)
 .data          0x0000000000012ad0        0x0 /usr/local/m68k-elf/lib/libc.a(libc_a-dtoa.o)
 .data          0x0000000000012ad0        0x0 /usr/local/m68k-elf/lib/libc.a(libc_a-gdtoa-gethex.o)
 .data          0x0000000000012ad0        0x0 /usr/local/m68k-elf/lib/libc.a(libc_a-gdtoa-hexnan.o)
 .data          0x0000000000012ad0        0x0 /usr/local/m68k-elf/lib/libc.a(libc_a-mprec.o)
 .data          0x0000000000012ad0        0x0 /usr/local/m68k-elf/lib/libc.a(libc_a-svfiprintf.o)
 .data          0x0000000000012ad0        0x0 /usr/local/m68k-elf/lib/libc.a(libc_a-assert.o)
 .data          0x0000000000012ad0        0x0 /usr/local/m68k-elf/lib/libc.a(libc_a-callocr.o)
 .data          0x0000000000012ad0        0x0 /usr/local/m68k-elf/lib/libc.a(libc_a-fiprintf.o)
 .data          0x0000000000012ad0        0x0 /usr/local/m68k-elf/lib/libc.a(libc_a-vfiprintf.o)
 .data          0x0000000000012ad0        0x0 /usr/local/m68k-elf/lib/libc.a(libc_a-fputwc.o)
 .data          0x0000000000012ad0        0x0 /usr/local/m68k-elf/lib/libc.a(libc_a-abort.o)
 .data          0x0000000000012ad0        0x0 /usr/local/m68k-elf/lib/libc.a(libc_a-wcrtomb.o)
 .data          0x0000000000012ad0        0x0 /usr/local/m68k-elf/lib/libc.a(libc_a-signal.o)
 .data          0x0000000000012ad0        0x0 /usr/local/m68k-elf/lib/libc.a(libc_a-signalr.o)
 .data          0x0000000000012ad0        0x0 /usr/local/lib/gcc/m68k-elf/11/libgcc.a(_mulsi3.o)
 .data          0x0000000000012ad0        0x0 /usr/local/lib/gcc/m68k-elf/11/libgcc.a(_udivsi3.o)
 .data          0x0000000000012ad0        0x0 /usr/local/lib/gcc/m68k-elf/11/libgcc.a(_divsi3.o)
 .data          0x0000000000012ad0        0x0 /usr/local/lib/gcc/m68k-elf/11/libgcc.a(_umodsi3.o)
 .data          0x0000000000012ad0        0x0 /usr/local/lib/gcc/m68k-elf/11/libgcc.a(_modsi3.o)
 .data          0x0000000000012ad0        0x0 /usr/local/lib/gcc/m68k-elf/11/libgcc.a(_double.o)
 .data          0x0000000000012ad0       0x1c /usr/local/lib/gcc/m68k-elf/11/libgcc.a(_floatex.o)
                0x0000000000012ad0                _fpCCR
 .data          0x0000000000012aec        0x0 /usr/local/lib/gcc/m68k-elf/11/libgcc.a(_eqdf2.o)
 .data          0x0000000000012aec        0x0 /usr/local/lib/gcc/m68k-elf/11/libgcc.a(_nedf2.o)
 .data          0x0000000000012aec        0x0 /usr/local/lib/gcc/m68k-elf/11/libgcc.a(_gtdf2.o)
 .data          0x0000000000012aec        0x0 /usr/local/lib/gcc/m68k-elf/11/libgcc.a(_ltdf2.o)
 .data          0x0000000000012aec        0x0 /usr/local/lib/gcc/m68k-elf/11/libgcc.a(_ledf2.o)
 .data          0x0000000000012aec        0x0 /usr/local/lib/gcc/m68k-elf/11/libgcc.a(_lesf2.o)
 .data          0x0000000000012aec        0x0 /usr/local/lib/gcc/m68k-elf/11/libgcc.a(_fixunsdfsi.o)
 .data          0x0000000000012aec        0x0 /usr/local/lib/gcc/m68k-elf/11/libgcc.a(_fixdfdi.o)
 .data          0x0000000000012aec        0x0 /usr/local/lib/gcc/m68k-elf/11/libgcc.a(_fixunsdfdi.o)
 .data          0x0000000000012aec        0x0 /usr/local/lib/gcc/m68k-elf/11/libgcc.a(_floatdidf.o)
 .data          0x0000000000012aec        0x0 /usr/local/lib/gcc/m68k-elf/11/libgcc.a(fpgnulib.o)
 .data          0x0000000000012aec        0x0 /usr/local/lib/gcc/m68k-elf/11/libgcc.a(xfgnulib.o)
 .data          0x0000000000012aec        0x0 /usr/local/lib/gcc/m68k-elf/11/libgcc.a(_float.o)
 .data          0x0000000000012aec        0x0 /usr/local/lib/gcc/m68k-elf/11/libgcc.a(_gedf2.o)
 .data          0x0000000000012aec        0x0 /usr/local/m68k-elf/lib/libidp.a(close.o)
 .data          0x0000000000012aec        0x0 /usr/local/m68k-elf/lib/libidp.a(fstat.o)
 .data          0x0000000000012aec        0x0 /usr/local/m68k-elf/lib/libidp.a(getpid.o)
 .data          0x0000000000012aec        0x0 /usr/local/m68k-elf/lib/libidp.a(isatty.o)
 .data          0x0000000000012aec        0x0 /usr/local/m68k-elf/lib/libidp.a(kill.o)
 .data          0x0000000000012aec        0x0 /usr/local/m68k-elf/lib/libidp.a(lseek.o)
 .data          0x0000000000012aec        0x0 /usr/local/m68k-elf/lib/libidp.a(sbrk.o)
 .data          0x0000000000012aec        0x0 /usr/local/m68k-elf/lib/libidp.a(mc68ec.o)
                0x0000000000012aec                _edata = .

.bss            0x0000000000012aec     0xab3c
                0x0000000000012aec                . = ALIGN (0x4)
                0x0000000000012aec                __bss_start = .
 *(.shbss)
 *(.bss)
 .bss           0x0000000000012aec        0x0 crt0.o
 .bss           0x0000000000012aec     0x8104 mon.o
 .bss           0x000000000001abf0        0x0 csys68k.o
 .bss           0x000000000001abf0        0x2 inchrw.o
 *fill*         0x000000000001abf2        0x2 
 .bss           0x000000000001abf4        0x0 mtk_asm.o
 .bss           0x000000000001abf4     0x28a0 mtk_c.o
                0x000000000001abf4                ready
                0x000000000001abf8                next_task
                0x000000000001abfc                new_task
                0x000000000001ac00                curr_task
                0x000000000001ac04                stacks
                0x000000000001d404                task_tab
                0x000000000001d47c                semaphore
 .bss           0x000000000001d494        0x2 outchr.o
                0x000000000001d494                obDATA
 *fill*         0x000000000001d496        0x2 
 .bss           0x000000000001d498       0x10 test3.o
                0x000000000001d498                com1out
                0x000000000001d49c                com1in
                0x000000000001d4a0                com0out
                0x000000000001d4a4                com0in
 .bss           0x000000000001d4a8        0x0 /usr/local/m68k-elf/lib/libc.a(libc_a-exit.o)
 .bss           0x000000000001d4a8        0x0 /usr/local/m68k-elf/lib/libc.a(libc_a-fdopen.o)
 .bss           0x000000000001d4a8      0x13c /usr/local/m68k-elf/lib/libc.a(libc_a-findfp.o)
                0x000000000001d4a8                __sf
                0x000000000001d5e0                __stdio_exit_handler
 .bss           0x000000000001d5e4        0x0 /usr/local/m68k-elf/lib/libc.a(libc_a-flags.o)
 .bss           0x000000000001d5e4        0x0 /usr/local/m68k-elf/lib/libc.a(libc_a-fputc.o)
 .bss           0x000000000001d5e4        0x0 /usr/local/m68k-elf/lib/libc.a(libc_a-fscanf.o)
 .bss           0x000000000001d5e4        0x0 /usr/local/m68k-elf/lib/libc.a(libc_a-fwalk.o)
 .bss           0x000000000001d5e4        0x0 /usr/local/m68k-elf/lib/libc.a(libc_a-putc.o)
 .bss           0x000000000001d5e4        0x0 /usr/local/m68k-elf/lib/libc.a(libc_a-puts.o)
 .bss           0x000000000001d5e4        0x0 /usr/local/m68k-elf/lib/libc.a(libc_a-stdio.o)
 .bss           0x000000000001d5e4        0x0 /usr/local/m68k-elf/lib/libc.a(libc_a-wbuf.o)
 .bss           0x000000000001d5e4        0x0 /usr/local/m68k-elf/lib/libc.a(libc_a-wsetup.o)
 .bss           0x000000000001d5e4        0x0 /usr/local/m68k-elf/lib/libc.a(libc_a-closer.o)
 .bss           0x000000000001d5e4        0x4 /usr/local/m68k-elf/lib/libc.a(libc_a-reent.o)
                0x000000000001d5e4                errno
 .bss           0x000000000001d5e8        0x0 /usr/local/m68k-elf/lib/libc.a(libc_a-impure.o)
 .bss           0x000000000001d5e8        0x0 /usr/local/m68k-elf/lib/libc.a(libc_a-lseekr.o)
 .bss           0x000000000001d5e8        0x0 /usr/local/m68k-elf/lib/libc.a(libc_a-readr.o)
 .bss           0x000000000001d5e8        0x0 /usr/local/m68k-elf/lib/libc.a(libc_a-writer.o)
 .bss           0x000000000001d5e8        0x0 /usr/local/m68k-elf/lib/libc.a(libc_a-strlen.o)
 .bss           0x000000000001d5e8        0x0 /usr/local/m68k-elf/lib/libc.a(libc_a-memset.o)
 .bss           0x000000000001d5e8        0x4 /usr/local/m68k-elf/lib/libc.a(libc_a-__call_atexit.o)
                0x000000000001d5e8                __atexit
 .bss           0x000000000001d5ec        0x0 /usr/local/m68k-elf/lib/libc.a(libc_a-freer.o)
 .bss           0x000000000001d5ec       0x34 /usr/local/m68k-elf/lib/libc.a(libc_a-mallocr.o)
                0x000000000001d5ec                __malloc_current_mallinfo
                0x000000000001d614                __malloc_max_total_mem
                0x000000000001d618                __malloc_max_sbrked_mem
                0x000000000001d61c                __malloc_top_pad
 .bss           0x000000000001d620        0x0 /usr/local/m68k-elf/lib/libc.a(libc_a-mlock.o)
 .bss           0x000000000001d620        0x0 /usr/local/m68k-elf/lib/libc.a(libc_a-vfscanf.o)
 .bss           0x000000000001d620        0x0 /usr/local/m68k-elf/lib/libc.a(libc_a-fclose.o)
 .bss           0x000000000001d620        0x0 /usr/local/m68k-elf/lib/libc.a(libc_a-fflush.o)
 .bss           0x000000000001d620        0x0 /usr/local/m68k-elf/lib/libc.a(libc_a-fread.o)
 .bss           0x000000000001d620        0x0 /usr/local/m68k-elf/lib/libc.a(libc_a-fvwrite.o)
 .bss           0x000000000001d620        0x0 /usr/local/m68k-elf/lib/libc.a(libc_a-makebuf.o)
 .bss           0x000000000001d620        0x0 /usr/local/m68k-elf/lib/libc.a(libc_a-refill.o)
 .bss           0x000000000001d620        0x0 /usr/local/m68k-elf/lib/libc.a(libc_a-sccl.o)
 .bss           0x000000000001d620        0x0 /usr/local/m68k-elf/lib/libc.a(libc_a-sprintf.o)
 .bss           0x000000000001d620        0x0 /usr/local/m68k-elf/lib/libc.a(libc_a-ungetc.o)
 .bss           0x000000000001d620        0x0 /usr/local/m68k-elf/lib/libc.a(libc_a-memchr.o)
 .bss           0x000000000001d620        0x0 /usr/local/m68k-elf/lib/libc.a(libc_a-memmove.o)
 .bss           0x000000000001d620        0x4 /usr/local/m68k-elf/lib/libc.a(libc_a-locale.o)
                0x000000000001d620                _PathLocale
 .bss           0x000000000001d624        0x0 /usr/local/m68k-elf/lib/libc.a(libc_a-localeconv.o)
 .bss           0x000000000001d624        0x0 /usr/local/m68k-elf/lib/libc.a(libc_a-fstatr.o)
 .bss           0x000000000001d624        0x0 /usr/local/m68k-elf/lib/libc.a(libc_a-isattyr.o)
 .bss           0x000000000001d624        0x0 /usr/local/m68k-elf/lib/libc.a(libc_a-sbrkr.o)
 .bss           0x000000000001d624        0x0 /usr/local/m68k-elf/lib/libc.a(libc_a-memcpy.o)
 .bss           0x000000000001d624        0x0 /usr/local/m68k-elf/lib/libc.a(libm_a-sf_nan.o)
 .bss           0x000000000001d624        0x0 /usr/local/m68k-elf/lib/libc.a(libc_a-mbtowc_r.o)
 .bss           0x000000000001d624        0x0 /usr/local/m68k-elf/lib/libc.a(libc_a-reallocr.o)
 .bss           0x000000000001d624        0x0 /usr/local/m68k-elf/lib/libc.a(libc_a-strtod.o)
 .bss           0x000000000001d624        0x0 /usr/local/m68k-elf/lib/libc.a(libc_a-strtol.o)
 .bss           0x000000000001d624        0x0 /usr/local/m68k-elf/lib/libc.a(libc_a-strtoul.o)
 .bss           0x000000000001d624        0x0 /usr/local/m68k-elf/lib/libc.a(libc_a-wctomb_r.o)
 .bss           0x000000000001d624        0x0 /usr/local/m68k-elf/lib/libc.a(libc_a-mbrtowc.o)
 .bss           0x000000000001d624        0x0 /usr/local/m68k-elf/lib/libc.a(libc_a-ctype_.o)
 .bss           0x000000000001d624        0x0 /usr/local/m68k-elf/lib/libc.a(libc_a-iswspace.o)
 .bss           0x000000000001d624        0x0 /usr/local/m68k-elf/lib/libc.a(libc_a-iswspace_l.o)
 .bss           0x000000000001d624        0x0 /usr/local/m68k-elf/lib/libc.a(libc_a-svfprintf.o)
 .bss           0x000000000001d624        0x0 /usr/local/m68k-elf/lib/libc.a(libc_a-strcmp.o)
 .bss           0x000000000001d624        0x0 /usr/local/m68k-elf/lib/libc.a(libc_a-strncmp.o)
 .bss           0x000000000001d624        0x0 /usr/local/m68k-elf/lib/libc.a(libc_a-errno.o)
 .bss           0x000000000001d624        0x0 /usr/local/m68k-elf/lib/libc.a(libm_a-s_nan.o)
 .bss           0x000000000001d624        0x0 /usr/local/m68k-elf/lib/libc.a(libc_a-dtoa.o)
 .bss           0x000000000001d624        0x0 /usr/local/m68k-elf/lib/libc.a(libc_a-gdtoa-gethex.o)
 .bss           0x000000000001d624        0x0 /usr/local/m68k-elf/lib/libc.a(libc_a-gdtoa-hexnan.o)
 .bss           0x000000000001d624        0x0 /usr/local/m68k-elf/lib/libc.a(libc_a-mprec.o)
 .bss           0x000000000001d624        0x0 /usr/local/m68k-elf/lib/libc.a(libc_a-svfiprintf.o)
 .bss           0x000000000001d624        0x0 /usr/local/m68k-elf/lib/libc.a(libc_a-assert.o)
 .bss           0x000000000001d624        0x0 /usr/local/m68k-elf/lib/libc.a(libc_a-callocr.o)
 .bss           0x000000000001d624        0x0 /usr/local/m68k-elf/lib/libc.a(libc_a-fiprintf.o)
 .bss           0x000000000001d624        0x0 /usr/local/m68k-elf/lib/libc.a(libc_a-vfiprintf.o)
 .bss           0x000000000001d624        0x0 /usr/local/m68k-elf/lib/libc.a(libc_a-fputwc.o)
 .bss           0x000000000001d624        0x0 /usr/local/m68k-elf/lib/libc.a(libc_a-abort.o)
 .bss           0x000000000001d624        0x0 /usr/local/m68k-elf/lib/libc.a(libc_a-wcrtomb.o)
 .bss           0x000000000001d624        0x0 /usr/local/m68k-elf/lib/libc.a(libc_a-signal.o)
 .bss           0x000000000001d624        0x0 /usr/local/m68k-elf/lib/libc.a(libc_a-signalr.o)
 .bss           0x000000000001d624        0x0 /usr/local/lib/gcc/m68k-elf/11/libgcc.a(_mulsi3.o)
 .bss           0x000000000001d624        0x0 /usr/local/lib/gcc/m68k-elf/11/libgcc.a(_udivsi3.o)
 .bss           0x000000000001d624        0x0 /usr/local/lib/gcc/m68k-elf/11/libgcc.a(_divsi3.o)
 .bss           0x000000000001d624        0x0 /usr/local/lib/gcc/m68k-elf/11/libgcc.a(_umodsi3.o)
 .bss           0x000000000001d624        0x0 /usr/local/lib/gcc/m68k-elf/11/libgcc.a(_modsi3.o)
 .bss           0x000000000001d624        0x0 /usr/local/lib/gcc/m68k-elf/11/libgcc.a(_double.o)
 .bss           0x000000000001d624        0x0 /usr/local/lib/gcc/m68k-elf/11/libgcc.a(_floatex.o)
 .bss           0x000000000001d624        0x0 /usr/local/lib/gcc/m68k-elf/11/libgcc.a(_eqdf2.o)
 .bss           0x000000000001d624        0x0 /usr/local/lib/gcc/m68k-elf/11/libgcc.a(_nedf2.o)
 .bss           0x000000000001d624        0x0 /usr/local/lib/gcc/m68k-elf/11/libgcc.a(_gtdf2.o)
 .bss           0x000000000001d624        0x0 /usr/local/lib/gcc/m68k-elf/11/libgcc.a(_ltdf2.o)
 .bss           0x000000000001d624        0x0 /usr/local/lib/gcc/m68k-elf/11/libgcc.a(_ledf2.o)
 .bss           0x000000000001d624        0x0 /usr/local/lib/gcc/m68k-elf/11/libgcc.a(_lesf2.o)
 .bss           0x000000000001d624        0x0 /usr/local/lib/gcc/m68k-elf/11/libgcc.a(_fixunsdfsi.o)
 .bss           0x000000000001d624        0x0 /usr/local/lib/gcc/m68k-elf/11/libgcc.a(_fixdfdi.o)
 .bss           0x000000000001d624        0x0 /usr/local/lib/gcc/m68k-elf/11/libgcc.a(_fixunsdfdi.o)
 .bss           0x000000000001d624        0x0 /usr/local/lib/gcc/m68k-elf/11/libgcc.a(_floatdidf.o)
 .bss           0x000000000001d624        0x0 /usr/local/lib/gcc/m68k-elf/11/libgcc.a(fpgnulib.o)
 .bss           0x000000000001d624        0x0 /usr/local/lib/gcc/m68k-elf/11/libgcc.a(xfgnulib.o)
 .bss           0x000000000001d624        0x0 /usr/local/lib/gcc/m68k-elf/11/libgcc.a(_float.o)
 .bss           0x000000000001d624        0x0 /usr/local/lib/gcc/m68k-elf/11/libgcc.a(_gedf2.o)
 .bss           0x000000000001d624        0x0 /usr/local/m68k-elf/lib/libidp.a(close.o)
 .bss           0x000000000001d624        0x0 /usr/local/m68k-elf/lib/libidp.a(fstat.o)
 .bss           0x000000000001d624        0x0 /usr/local/m68k-elf/lib/libidp.a(getpid.o)
 .bss           0x000000000001d624        0x0 /usr/local/m68k-elf/lib/libidp.a(isatty.o)
 .bss           0x000000000001d624        0x0 /usr/local/m68k-elf/lib/libidp.a(kill.o)
 .bss           0x000000000001d624        0x0 /usr/local/m68k-elf/lib/libidp.a(lseek.o)
 .bss           0x000000000001d624        0x4 /usr/local/m68k-elf/lib/libidp.a(sbrk.o)
                0x000000000001d624                heap_ptr
 .bss           0x000000000001d628        0x0 /usr/local/m68k-elf/lib/libidp.a(mc68ec.o)
 *(COMMON)
                0x000000000001d628                _end = ALIGN (0x8)
                0x000000000001d628                __end = _end

.stab
 *(.stab)

.stabstr
 *(.stabstr)
OUTPUT(test3.hex srec)

.debug_info     0x0000000000000000    0x2ab93
 .debug_info    0x0000000000000000      0x1f6 csys68k.o
 .debug_info    0x00000000000001f6      0x78d mtk_c.o
 .debug_info    0x0000000000000983      0x85f test3.o
 .debug_info    0x00000000000011e2       0xee /usr/local/m68k-elf/lib/libc.a(libc_a-exit.o)
 .debug_info    0x00000000000012d0      0x934 /usr/local/m68k-elf/lib/libc.a(libc_a-fdopen.o)
 .debug_info    0x0000000000001c04      0xdee /usr/local/m68k-elf/lib/libc.a(libc_a-findfp.o)
 .debug_info    0x00000000000029f2      0x777 /usr/local/m68k-elf/lib/libc.a(libc_a-flags.o)
 .debug_info    0x0000000000003169      0x85b /usr/local/m68k-elf/lib/libc.a(libc_a-fputc.o)
 .debug_info    0x00000000000039c4      0x839 /usr/local/m68k-elf/lib/libc.a(libc_a-fscanf.o)
 .debug_info    0x00000000000041fd      0x7d6 /usr/local/m68k-elf/lib/libc.a(libc_a-fwalk.o)
 .debug_info    0x00000000000049d3      0x8e7 /usr/local/m68k-elf/lib/libc.a(libc_a-putc.o)
 .debug_info    0x00000000000052ba      0x8d4 /usr/local/m68k-elf/lib/libc.a(libc_a-puts.o)
 .debug_info    0x0000000000005b8e      0x9ff /usr/local/m68k-elf/lib/libc.a(libc_a-stdio.o)
 .debug_info    0x000000000000658d      0x830 /usr/local/m68k-elf/lib/libc.a(libc_a-wbuf.o)
 .debug_info    0x0000000000006dbd      0x7b9 /usr/local/m68k-elf/lib/libc.a(libc_a-wsetup.o)
 .debug_info    0x0000000000007576      0x764 /usr/local/m68k-elf/lib/libc.a(libc_a-closer.o)
 .debug_info    0x0000000000007cda      0x7bb /usr/local/m68k-elf/lib/libc.a(libc_a-reent.o)
 .debug_info    0x0000000000008495      0x735 /usr/local/m68k-elf/lib/libc.a(libc_a-impure.o)
 .debug_info    0x0000000000008bca      0x7a3 /usr/local/m68k-elf/lib/libc.a(libc_a-lseekr.o)
 .debug_info    0x000000000000936d      0x796 /usr/local/m68k-elf/lib/libc.a(libc_a-readr.o)
 .debug_info    0x0000000000009b03      0x79c /usr/local/m68k-elf/lib/libc.a(libc_a-writer.o)
 .debug_info    0x000000000000a29f       0xdb /usr/local/m68k-elf/lib/libc.a(libc_a-strlen.o)
 .debug_info    0x000000000000a37a       0x24 /usr/local/m68k-elf/lib/libc.a(libc_a-memset.o)
 .debug_info    0x000000000000a39e      0x21b /usr/local/m68k-elf/lib/libc.a(libc_a-__call_atexit.o)
 .debug_info    0x000000000000a5b9      0xac7 /usr/local/m68k-elf/lib/libc.a(libc_a-freer.o)
 .debug_info    0x000000000000b080      0xc29 /usr/local/m68k-elf/lib/libc.a(libc_a-mallocr.o)
 .debug_info    0x000000000000bca9      0x747 /usr/local/m68k-elf/lib/libc.a(libc_a-mlock.o)
 .debug_info    0x000000000000c3f0     0x149c /usr/local/m68k-elf/lib/libc.a(libc_a-vfscanf.o)
 .debug_info    0x000000000000d88c      0x897 /usr/local/m68k-elf/lib/libc.a(libc_a-fclose.o)
 .debug_info    0x000000000000e123      0x9ca /usr/local/m68k-elf/lib/libc.a(libc_a-fflush.o)
 .debug_info    0x000000000000eaed      0x99f /usr/local/m68k-elf/lib/libc.a(libc_a-fread.o)
 .debug_info    0x000000000000f48c      0xa3c /usr/local/m68k-elf/lib/libc.a(libc_a-fvwrite.o)
 .debug_info    0x000000000000fec8      0xbcc /usr/local/m68k-elf/lib/libc.a(libc_a-makebuf.o)
 .debug_info    0x0000000000010a94      0x931 /usr/local/m68k-elf/lib/libc.a(libc_a-refill.o)
 .debug_info    0x00000000000113c5      0x10b /usr/local/m68k-elf/lib/libc.a(libc_a-sccl.o)
 .debug_info    0x00000000000114d0      0x85d /usr/local/m68k-elf/lib/libc.a(libc_a-sprintf.o)
 .debug_info    0x0000000000011d2d      0x8e4 /usr/local/m68k-elf/lib/libc.a(libc_a-ungetc.o)
 .debug_info    0x0000000000012611      0x142 /usr/local/m68k-elf/lib/libc.a(libc_a-memchr.o)
 .debug_info    0x0000000000012753      0x144 /usr/local/m68k-elf/lib/libc.a(libc_a-memmove.o)
 .debug_info    0x0000000000012897      0xbc8 /usr/local/m68k-elf/lib/libc.a(libc_a-locale.o)
 .debug_info    0x000000000001345f      0xa2e /usr/local/m68k-elf/lib/libc.a(libc_a-localeconv.o)
 .debug_info    0x0000000000013e8d      0x977 /usr/local/m68k-elf/lib/libc.a(libc_a-fstatr.o)
 .debug_info    0x0000000000014804      0x764 /usr/local/m68k-elf/lib/libc.a(libc_a-isattyr.o)
 .debug_info    0x0000000000014f68      0x783 /usr/local/m68k-elf/lib/libc.a(libc_a-sbrkr.o)
 .debug_info    0x00000000000156eb       0x24 /usr/local/m68k-elf/lib/libc.a(libc_a-memcpy.o)
 .debug_info    0x000000000001570f       0xca /usr/local/m68k-elf/lib/libc.a(libm_a-sf_nan.o)
 .debug_info    0x00000000000157d9      0xaa2 /usr/local/m68k-elf/lib/libc.a(libc_a-mbtowc_r.o)
 .debug_info    0x000000000001627b      0xb69 /usr/local/m68k-elf/lib/libc.a(libc_a-reallocr.o)
 .debug_info    0x0000000000016de4     0x1b8f /usr/local/m68k-elf/lib/libc.a(libc_a-strtod.o)
 .debug_info    0x0000000000018973      0xd78 /usr/local/m68k-elf/lib/libc.a(libc_a-strtol.o)
 .debug_info    0x00000000000196eb      0xcc1 /usr/local/m68k-elf/lib/libc.a(libc_a-strtoul.o)
 .debug_info    0x000000000001a3ac      0xa63 /usr/local/m68k-elf/lib/libc.a(libc_a-wctomb_r.o)
 .debug_info    0x000000000001ae0f      0xa8a /usr/local/m68k-elf/lib/libc.a(libc_a-mbrtowc.o)
 .debug_info    0x000000000001b899       0xb9 /usr/local/m68k-elf/lib/libc.a(libc_a-ctype_.o)
 .debug_info    0x000000000001b952       0xd9 /usr/local/m68k-elf/lib/libc.a(libc_a-iswspace.o)
 .debug_info    0x000000000001ba2b      0x9b7 /usr/local/m68k-elf/lib/libc.a(libc_a-iswspace_l.o)
 .debug_info    0x000000000001c3e2     0x1402 /usr/local/m68k-elf/lib/libc.a(libc_a-svfprintf.o)
 .debug_info    0x000000000001d7e4       0xeb /usr/local/m68k-elf/lib/libc.a(libc_a-strcmp.o)
 .debug_info    0x000000000001d8cf      0x108 /usr/local/m68k-elf/lib/libc.a(libc_a-strncmp.o)
 .debug_info    0x000000000001d9d7      0x71b /usr/local/m68k-elf/lib/libc.a(libc_a-errno.o)
 .debug_info    0x000000000001e0f2       0xce /usr/local/m68k-elf/lib/libc.a(libm_a-s_nan.o)
 .debug_info    0x000000000001e1c0     0x156f /usr/local/m68k-elf/lib/libc.a(libc_a-dtoa.o)
 .debug_info    0x000000000001f72f     0x10ec /usr/local/m68k-elf/lib/libc.a(libc_a-gdtoa-gethex.o)
 .debug_info    0x000000000002081b      0x3c1 /usr/local/m68k-elf/lib/libc.a(libc_a-gdtoa-hexnan.o)
 .debug_info    0x0000000000020bdc     0x1b9d /usr/local/m68k-elf/lib/libc.a(libc_a-mprec.o)
 .debug_info    0x0000000000022779      0xfd3 /usr/local/m68k-elf/lib/libc.a(libc_a-svfiprintf.o)
 .debug_info    0x000000000002374c      0x7ef /usr/local/m68k-elf/lib/libc.a(libc_a-assert.o)
 .debug_info    0x0000000000023f3b      0x8a6 /usr/local/m68k-elf/lib/libc.a(libc_a-callocr.o)
 .debug_info    0x00000000000247e1      0x830 /usr/local/m68k-elf/lib/libc.a(libc_a-fiprintf.o)
 .debug_info    0x0000000000025011     0x164c /usr/local/m68k-elf/lib/libc.a(libc_a-vfiprintf.o)
 .debug_info    0x000000000002665d      0x9e8 /usr/local/m68k-elf/lib/libc.a(libc_a-fputwc.o)
 .debug_info    0x0000000000027045       0xc8 /usr/local/m68k-elf/lib/libc.a(libc_a-abort.o)
 .debug_info    0x000000000002710d      0xab8 /usr/local/m68k-elf/lib/libc.a(libc_a-wcrtomb.o)
 .debug_info    0x0000000000027bc5      0xc54 /usr/local/m68k-elf/lib/libc.a(libc_a-signal.o)
 .debug_info    0x0000000000028819      0x7da /usr/local/m68k-elf/lib/libc.a(libc_a-signalr.o)
 .debug_info    0x0000000000028ff3       0x24 /usr/local/lib/gcc/m68k-elf/11/libgcc.a(_mulsi3.o)
 .debug_info    0x0000000000029017       0x24 /usr/local/lib/gcc/m68k-elf/11/libgcc.a(_udivsi3.o)
 .debug_info    0x000000000002903b       0x24 /usr/local/lib/gcc/m68k-elf/11/libgcc.a(_divsi3.o)
 .debug_info    0x000000000002905f       0x24 /usr/local/lib/gcc/m68k-elf/11/libgcc.a(_umodsi3.o)
 .debug_info    0x0000000000029083       0x24 /usr/local/lib/gcc/m68k-elf/11/libgcc.a(_modsi3.o)
 .debug_info    0x00000000000290a7       0x25 /usr/local/lib/gcc/m68k-elf/11/libgcc.a(_double.o)
 .debug_info    0x00000000000290cc       0x24 /usr/local/lib/gcc/m68k-elf/11/libgcc.a(_floatex.o)
 .debug_info    0x00000000000290f0       0x24 /usr/local/lib/gcc/m68k-elf/11/libgcc.a(_eqdf2.o)
 .debug_info    0x0000000000029114       0x24 /usr/local/lib/gcc/m68k-elf/11/libgcc.a(_nedf2.o)
 .debug_info    0x0000000000029138       0x24 /usr/local/lib/gcc/m68k-elf/11/libgcc.a(_gtdf2.o)
 .debug_info    0x000000000002915c       0x24 /usr/local/lib/gcc/m68k-elf/11/libgcc.a(_ltdf2.o)
 .debug_info    0x0000000000029180       0x24 /usr/local/lib/gcc/m68k-elf/11/libgcc.a(_ledf2.o)
 .debug_info    0x00000000000291a4       0x24 /usr/local/lib/gcc/m68k-elf/11/libgcc.a(_lesf2.o)
 .debug_info    0x00000000000291c8      0x128 /usr/local/lib/gcc/m68k-elf/11/libgcc.a(_fixunsdfsi.o)
 .debug_info    0x00000000000292f0      0x124 /usr/local/lib/gcc/m68k-elf/11/libgcc.a(_fixdfdi.o)
 .debug_info    0x0000000000029414      0x156 /usr/local/lib/gcc/m68k-elf/11/libgcc.a(_fixunsdfdi.o)
 .debug_info    0x000000000002956a      0x14f /usr/local/lib/gcc/m68k-elf/11/libgcc.a(_floatdidf.o)
 .debug_info    0x00000000000296b9      0x5bf /usr/local/lib/gcc/m68k-elf/11/libgcc.a(fpgnulib.o)
 .debug_info    0x0000000000029c78      0x7d0 /usr/local/lib/gcc/m68k-elf/11/libgcc.a(xfgnulib.o)
 .debug_info    0x000000000002a448       0x25 /usr/local/lib/gcc/m68k-elf/11/libgcc.a(_float.o)
 .debug_info    0x000000000002a46d       0x24 /usr/local/lib/gcc/m68k-elf/11/libgcc.a(_gedf2.o)
 .debug_info    0x000000000002a491       0x5e /usr/local/m68k-elf/lib/libidp.a(close.o)
 .debug_info    0x000000000002a4ef      0x2b9 /usr/local/m68k-elf/lib/libidp.a(fstat.o)
 .debug_info    0x000000000002a7a8       0x4b /usr/local/m68k-elf/lib/libidp.a(getpid.o)
 .debug_info    0x000000000002a7f3       0x5e /usr/local/m68k-elf/lib/libidp.a(isatty.o)
 .debug_info    0x000000000002a851       0x9b /usr/local/m68k-elf/lib/libidp.a(kill.o)
 .debug_info    0x000000000002a8ec       0xfb /usr/local/m68k-elf/lib/libidp.a(lseek.o)
 .debug_info    0x000000000002a9e7       0xe4 /usr/local/m68k-elf/lib/libidp.a(sbrk.o)
 .debug_info    0x000000000002aacb       0xc8 /usr/local/m68k-elf/lib/libidp.a(mc68ec.o)

.debug_abbrev   0x0000000000000000     0xad16
 .debug_abbrev  0x0000000000000000       0xef csys68k.o
 .debug_abbrev  0x00000000000000ef      0x299 mtk_c.o
 .debug_abbrev  0x0000000000000388      0x231 test3.o
 .debug_abbrev  0x00000000000005b9       0xbe /usr/local/m68k-elf/lib/libc.a(libc_a-exit.o)
 .debug_abbrev  0x0000000000000677      0x28d /usr/local/m68k-elf/lib/libc.a(libc_a-fdopen.o)
 .debug_abbrev  0x0000000000000904      0x425 /usr/local/m68k-elf/lib/libc.a(libc_a-findfp.o)
 .debug_abbrev  0x0000000000000d29      0x1d5 /usr/local/m68k-elf/lib/libc.a(libc_a-flags.o)
 .debug_abbrev  0x0000000000000efe      0x24a /usr/local/m68k-elf/lib/libc.a(libc_a-fputc.o)
 .debug_abbrev  0x0000000000001148      0x228 /usr/local/m68k-elf/lib/libc.a(libc_a-fscanf.o)
 .debug_abbrev  0x0000000000001370      0x1d6 /usr/local/m68k-elf/lib/libc.a(libc_a-fwalk.o)
 .debug_abbrev  0x0000000000001546      0x28f /usr/local/m68k-elf/lib/libc.a(libc_a-putc.o)
 .debug_abbrev  0x00000000000017d5      0x275 /usr/local/m68k-elf/lib/libc.a(libc_a-puts.o)
 .debug_abbrev  0x0000000000001a4a      0x243 /usr/local/m68k-elf/lib/libc.a(libc_a-stdio.o)
 .debug_abbrev  0x0000000000001c8d      0x25a /usr/local/m68k-elf/lib/libc.a(libc_a-wbuf.o)
 .debug_abbrev  0x0000000000001ee7      0x1fe /usr/local/m68k-elf/lib/libc.a(libc_a-wsetup.o)
 .debug_abbrev  0x00000000000020e5      0x1e0 /usr/local/m68k-elf/lib/libc.a(libc_a-closer.o)
 .debug_abbrev  0x00000000000022c5      0x208 /usr/local/m68k-elf/lib/libc.a(libc_a-reent.o)
 .debug_abbrev  0x00000000000024cd      0x185 /usr/local/m68k-elf/lib/libc.a(libc_a-impure.o)
 .debug_abbrev  0x0000000000002652      0x1f1 /usr/local/m68k-elf/lib/libc.a(libc_a-lseekr.o)
 .debug_abbrev  0x0000000000002843      0x1e0 /usr/local/m68k-elf/lib/libc.a(libc_a-readr.o)
 .debug_abbrev  0x0000000000002a23      0x1e5 /usr/local/m68k-elf/lib/libc.a(libc_a-writer.o)
 .debug_abbrev  0x0000000000002c08       0x8a /usr/local/m68k-elf/lib/libc.a(libc_a-strlen.o)
 .debug_abbrev  0x0000000000002c92       0x14 /usr/local/m68k-elf/lib/libc.a(libc_a-memset.o)
 .debug_abbrev  0x0000000000002ca6      0x154 /usr/local/m68k-elf/lib/libc.a(libc_a-__call_atexit.o)
 .debug_abbrev  0x0000000000002dfa      0x274 /usr/local/m68k-elf/lib/libc.a(libc_a-freer.o)
 .debug_abbrev  0x000000000000306e      0x2b7 /usr/local/m68k-elf/lib/libc.a(libc_a-mallocr.o)
 .debug_abbrev  0x0000000000003325      0x1ce /usr/local/m68k-elf/lib/libc.a(libc_a-mlock.o)
 .debug_abbrev  0x00000000000034f3      0x44c /usr/local/m68k-elf/lib/libc.a(libc_a-vfscanf.o)
 .debug_abbrev  0x000000000000393f      0x2c1 /usr/local/m68k-elf/lib/libc.a(libc_a-fclose.o)
 .debug_abbrev  0x0000000000003c00      0x311 /usr/local/m68k-elf/lib/libc.a(libc_a-fflush.o)
 .debug_abbrev  0x0000000000003f11      0x299 /usr/local/m68k-elf/lib/libc.a(libc_a-fread.o)
 .debug_abbrev  0x00000000000041aa      0x241 /usr/local/m68k-elf/lib/libc.a(libc_a-fvwrite.o)
 .debug_abbrev  0x00000000000043eb      0x2ad /usr/local/m68k-elf/lib/libc.a(libc_a-makebuf.o)
 .debug_abbrev  0x0000000000004698      0x2a7 /usr/local/m68k-elf/lib/libc.a(libc_a-refill.o)
 .debug_abbrev  0x000000000000493f       0xaa /usr/local/m68k-elf/lib/libc.a(libc_a-sccl.o)
 .debug_abbrev  0x00000000000049e9      0x23b /usr/local/m68k-elf/lib/libc.a(libc_a-sprintf.o)
 .debug_abbrev  0x0000000000004c24      0x297 /usr/local/m68k-elf/lib/libc.a(libc_a-ungetc.o)
 .debug_abbrev  0x0000000000004ebb       0xd4 /usr/local/m68k-elf/lib/libc.a(libc_a-memchr.o)
 .debug_abbrev  0x0000000000004f8f       0xc3 /usr/local/m68k-elf/lib/libc.a(libc_a-memmove.o)
 .debug_abbrev  0x0000000000005052      0x2e5 /usr/local/m68k-elf/lib/libc.a(libc_a-locale.o)
 .debug_abbrev  0x0000000000005337      0x264 /usr/local/m68k-elf/lib/libc.a(libc_a-localeconv.o)
 .debug_abbrev  0x000000000000559b      0x1f0 /usr/local/m68k-elf/lib/libc.a(libc_a-fstatr.o)
 .debug_abbrev  0x000000000000578b      0x1e0 /usr/local/m68k-elf/lib/libc.a(libc_a-isattyr.o)
 .debug_abbrev  0x000000000000596b      0x1f3 /usr/local/m68k-elf/lib/libc.a(libc_a-sbrkr.o)
 .debug_abbrev  0x0000000000005b5e       0x14 /usr/local/m68k-elf/lib/libc.a(libc_a-memcpy.o)
 .debug_abbrev  0x0000000000005b72       0x77 /usr/local/m68k-elf/lib/libc.a(libm_a-sf_nan.o)
 .debug_abbrev  0x0000000000005be9      0x252 /usr/local/m68k-elf/lib/libc.a(libc_a-mbtowc_r.o)
 .debug_abbrev  0x0000000000005e3b      0x256 /usr/local/m68k-elf/lib/libc.a(libc_a-reallocr.o)
 .debug_abbrev  0x0000000000006091      0x52e /usr/local/m68k-elf/lib/libc.a(libc_a-strtod.o)
 .debug_abbrev  0x00000000000065bf      0x330 /usr/local/m68k-elf/lib/libc.a(libc_a-strtol.o)
 .debug_abbrev  0x00000000000068ef      0x2f3 /usr/local/m68k-elf/lib/libc.a(libc_a-strtoul.o)
 .debug_abbrev  0x0000000000006be2      0x226 /usr/local/m68k-elf/lib/libc.a(libc_a-wctomb_r.o)
 .debug_abbrev  0x0000000000006e08      0x21d /usr/local/m68k-elf/lib/libc.a(libc_a-mbrtowc.o)
 .debug_abbrev  0x0000000000007025       0x62 /usr/local/m68k-elf/lib/libc.a(libc_a-ctype_.o)
 .debug_abbrev  0x0000000000007087       0xad /usr/local/m68k-elf/lib/libc.a(libc_a-iswspace.o)
 .debug_abbrev  0x0000000000007134      0x1db /usr/local/m68k-elf/lib/libc.a(libc_a-iswspace_l.o)
 .debug_abbrev  0x000000000000730f      0x3de /usr/local/m68k-elf/lib/libc.a(libc_a-svfprintf.o)
 .debug_abbrev  0x00000000000076ed       0x83 /usr/local/m68k-elf/lib/libc.a(libc_a-strcmp.o)
 .debug_abbrev  0x0000000000007770       0x92 /usr/local/m68k-elf/lib/libc.a(libc_a-strncmp.o)
 .debug_abbrev  0x0000000000007802      0x19a /usr/local/m68k-elf/lib/libc.a(libc_a-errno.o)
 .debug_abbrev  0x000000000000799c       0x77 /usr/local/m68k-elf/lib/libc.a(libm_a-s_nan.o)
 .debug_abbrev  0x0000000000007a13      0x365 /usr/local/m68k-elf/lib/libc.a(libc_a-dtoa.o)
 .debug_abbrev  0x0000000000007d78      0x3e8 /usr/local/m68k-elf/lib/libc.a(libc_a-gdtoa-gethex.o)
 .debug_abbrev  0x0000000000008160      0x1c8 /usr/local/m68k-elf/lib/libc.a(libc_a-gdtoa-hexnan.o)
 .debug_abbrev  0x0000000000008328      0x527 /usr/local/m68k-elf/lib/libc.a(libc_a-mprec.o)
 .debug_abbrev  0x000000000000884f      0x311 /usr/local/m68k-elf/lib/libc.a(libc_a-svfiprintf.o)
 .debug_abbrev  0x0000000000008b60      0x206 /usr/local/m68k-elf/lib/libc.a(libc_a-assert.o)
 .debug_abbrev  0x0000000000008d66      0x238 /usr/local/m68k-elf/lib/libc.a(libc_a-callocr.o)
 .debug_abbrev  0x0000000000008f9e      0x221 /usr/local/m68k-elf/lib/libc.a(libc_a-fiprintf.o)
 .debug_abbrev  0x00000000000091bf      0x46c /usr/local/m68k-elf/lib/libc.a(libc_a-vfiprintf.o)
 .debug_abbrev  0x000000000000962b      0x34a /usr/local/m68k-elf/lib/libc.a(libc_a-fputwc.o)
 .debug_abbrev  0x0000000000009975       0x85 /usr/local/m68k-elf/lib/libc.a(libc_a-abort.o)
 .debug_abbrev  0x00000000000099fa      0x233 /usr/local/m68k-elf/lib/libc.a(libc_a-wcrtomb.o)
 .debug_abbrev  0x0000000000009c2d      0x2f9 /usr/local/m68k-elf/lib/libc.a(libc_a-signal.o)
 .debug_abbrev  0x0000000000009f26      0x22d /usr/local/m68k-elf/lib/libc.a(libc_a-signalr.o)
 .debug_abbrev  0x000000000000a153       0x14 /usr/local/lib/gcc/m68k-elf/11/libgcc.a(_mulsi3.o)
 .debug_abbrev  0x000000000000a167       0x14 /usr/local/lib/gcc/m68k-elf/11/libgcc.a(_udivsi3.o)
 .debug_abbrev  0x000000000000a17b       0x14 /usr/local/lib/gcc/m68k-elf/11/libgcc.a(_divsi3.o)
 .debug_abbrev  0x000000000000a18f       0x14 /usr/local/lib/gcc/m68k-elf/11/libgcc.a(_umodsi3.o)
 .debug_abbrev  0x000000000000a1a3       0x14 /usr/local/lib/gcc/m68k-elf/11/libgcc.a(_modsi3.o)
 .debug_abbrev  0x000000000000a1b7       0x14 /usr/local/lib/gcc/m68k-elf/11/libgcc.a(_double.o)
 .debug_abbrev  0x000000000000a1cb       0x14 /usr/local/lib/gcc/m68k-elf/11/libgcc.a(_floatex.o)
 .debug_abbrev  0x000000000000a1df       0x14 /usr/local/lib/gcc/m68k-elf/11/libgcc.a(_eqdf2.o)
 .debug_abbrev  0x000000000000a1f3       0x14 /usr/local/lib/gcc/m68k-elf/11/libgcc.a(_nedf2.o)
 .debug_abbrev  0x000000000000a207       0x14 /usr/local/lib/gcc/m68k-elf/11/libgcc.a(_gtdf2.o)
 .debug_abbrev  0x000000000000a21b       0x14 /usr/local/lib/gcc/m68k-elf/11/libgcc.a(_ltdf2.o)
 .debug_abbrev  0x000000000000a22f       0x14 /usr/local/lib/gcc/m68k-elf/11/libgcc.a(_ledf2.o)
 .debug_abbrev  0x000000000000a243       0x14 /usr/local/lib/gcc/m68k-elf/11/libgcc.a(_lesf2.o)
 .debug_abbrev  0x000000000000a257       0x7e /usr/local/lib/gcc/m68k-elf/11/libgcc.a(_fixunsdfsi.o)
 .debug_abbrev  0x000000000000a2d5       0xa8 /usr/local/lib/gcc/m68k-elf/11/libgcc.a(_fixdfdi.o)
 .debug_abbrev  0x000000000000a37d       0xa5 /usr/local/lib/gcc/m68k-elf/11/libgcc.a(_fixunsdfdi.o)
 .debug_abbrev  0x000000000000a422       0x92 /usr/local/lib/gcc/m68k-elf/11/libgcc.a(_floatdidf.o)
 .debug_abbrev  0x000000000000a4b4      0x25f /usr/local/lib/gcc/m68k-elf/11/libgcc.a(fpgnulib.o)
 .debug_abbrev  0x000000000000a713      0x1e3 /usr/local/lib/gcc/m68k-elf/11/libgcc.a(xfgnulib.o)
 .debug_abbrev  0x000000000000a8f6       0x14 /usr/local/lib/gcc/m68k-elf/11/libgcc.a(_float.o)
 .debug_abbrev  0x000000000000a90a       0x14 /usr/local/lib/gcc/m68k-elf/11/libgcc.a(_gedf2.o)
 .debug_abbrev  0x000000000000a91e       0x58 /usr/local/m68k-elf/lib/libidp.a(close.o)
 .debug_abbrev  0x000000000000a976       0xa6 /usr/local/m68k-elf/lib/libidp.a(fstat.o)
 .debug_abbrev  0x000000000000aa1c       0x45 /usr/local/m68k-elf/lib/libidp.a(getpid.o)
 .debug_abbrev  0x000000000000aa61       0x58 /usr/local/m68k-elf/lib/libidp.a(isatty.o)
 .debug_abbrev  0x000000000000aab9       0x99 /usr/local/m68k-elf/lib/libidp.a(kill.o)
 .debug_abbrev  0x000000000000ab52       0x9e /usr/local/m68k-elf/lib/libidp.a(lseek.o)
 .debug_abbrev  0x000000000000abf0       0xa5 /usr/local/m68k-elf/lib/libidp.a(sbrk.o)
 .debug_abbrev  0x000000000000ac95       0x81 /usr/local/m68k-elf/lib/libidp.a(mc68ec.o)

.debug_loclists
                0x0000000000000000    0x143ae
 .debug_loclists
                0x0000000000000000      0x11a csys68k.o
 .debug_loclists
                0x000000000000011a      0x426 mtk_c.o
 .debug_loclists
                0x0000000000000540      0x15e /usr/local/m68k-elf/lib/libc.a(libc_a-fdopen.o)
 .debug_loclists
                0x000000000000069e      0x19a /usr/local/m68k-elf/lib/libc.a(libc_a-findfp.o)
 .debug_loclists
                0x0000000000000838       0xcb /usr/local/m68k-elf/lib/libc.a(libc_a-flags.o)
 .debug_loclists
                0x0000000000000903       0x5c /usr/local/m68k-elf/lib/libc.a(libc_a-fputc.o)
 .debug_loclists
                0x000000000000095f       0xc1 /usr/local/m68k-elf/lib/libc.a(libc_a-fscanf.o)
 .debug_loclists
                0x0000000000000a20       0x62 /usr/local/m68k-elf/lib/libc.a(libc_a-fwalk.o)
 .debug_loclists
                0x0000000000000a82      0x10c /usr/local/m68k-elf/lib/libc.a(libc_a-putc.o)
 .debug_loclists
                0x0000000000000b8e       0xd2 /usr/local/m68k-elf/lib/libc.a(libc_a-puts.o)
 .debug_loclists
                0x0000000000000c60       0x92 /usr/local/m68k-elf/lib/libc.a(libc_a-stdio.o)
 .debug_loclists
                0x0000000000000cf2       0x7b /usr/local/m68k-elf/lib/libc.a(libc_a-wbuf.o)
 .debug_loclists
                0x0000000000000d6d       0x1d /usr/local/m68k-elf/lib/libc.a(libc_a-wsetup.o)
 .debug_loclists
                0x0000000000000d8a       0x14 /usr/local/m68k-elf/lib/libc.a(libc_a-closer.o)
 .debug_loclists
                0x0000000000000d9e       0x23 /usr/local/m68k-elf/lib/libc.a(libc_a-reent.o)
 .debug_loclists
                0x0000000000000dc1       0x14 /usr/local/m68k-elf/lib/libc.a(libc_a-lseekr.o)
 .debug_loclists
                0x0000000000000dd5       0x14 /usr/local/m68k-elf/lib/libc.a(libc_a-readr.o)
 .debug_loclists
                0x0000000000000de9       0x14 /usr/local/m68k-elf/lib/libc.a(libc_a-writer.o)
 .debug_loclists
                0x0000000000000dfd       0x25 /usr/local/m68k-elf/lib/libc.a(libc_a-strlen.o)
 .debug_loclists
                0x0000000000000e22       0xb1 /usr/local/m68k-elf/lib/libc.a(libc_a-__call_atexit.o)
 .debug_loclists
                0x0000000000000ed3      0x3eb /usr/local/m68k-elf/lib/libc.a(libc_a-freer.o)
 .debug_loclists
                0x00000000000012be      0x9b7 /usr/local/m68k-elf/lib/libc.a(libc_a-mallocr.o)
 .debug_loclists
                0x0000000000001c75     0x1ed3 /usr/local/m68k-elf/lib/libc.a(libc_a-vfscanf.o)
 .debug_loclists
                0x0000000000003b48       0x6c /usr/local/m68k-elf/lib/libc.a(libc_a-fclose.o)
 .debug_loclists
                0x0000000000003bb4      0x17d /usr/local/m68k-elf/lib/libc.a(libc_a-fflush.o)
 .debug_loclists
                0x0000000000003d31      0x1b8 /usr/local/m68k-elf/lib/libc.a(libc_a-fread.o)
 .debug_loclists
                0x0000000000003ee9      0x3e1 /usr/local/m68k-elf/lib/libc.a(libc_a-fvwrite.o)
 .debug_loclists
                0x00000000000042ca      0x32e /usr/local/m68k-elf/lib/libc.a(libc_a-makebuf.o)
 .debug_loclists
                0x00000000000045f8       0x90 /usr/local/m68k-elf/lib/libc.a(libc_a-refill.o)
 .debug_loclists
                0x0000000000004688      0x19e /usr/local/m68k-elf/lib/libc.a(libc_a-sccl.o)
 .debug_loclists
                0x0000000000004826       0xa1 /usr/local/m68k-elf/lib/libc.a(libc_a-sprintf.o)
 .debug_loclists
                0x00000000000048c7      0x119 /usr/local/m68k-elf/lib/libc.a(libc_a-ungetc.o)
 .debug_loclists
                0x00000000000049e0       0xe3 /usr/local/m68k-elf/lib/libc.a(libc_a-memchr.o)
 .debug_loclists
                0x0000000000004ac3      0x2be /usr/local/m68k-elf/lib/libc.a(libc_a-memmove.o)
 .debug_loclists
                0x0000000000004d81       0x56 /usr/local/m68k-elf/lib/libc.a(libc_a-locale.o)
 .debug_loclists
                0x0000000000004dd7       0x21 /usr/local/m68k-elf/lib/libc.a(libc_a-localeconv.o)
 .debug_loclists
                0x0000000000004df8       0x14 /usr/local/m68k-elf/lib/libc.a(libc_a-fstatr.o)
 .debug_loclists
                0x0000000000004e0c       0x14 /usr/local/m68k-elf/lib/libc.a(libc_a-isattyr.o)
 .debug_loclists
                0x0000000000004e20       0x14 /usr/local/m68k-elf/lib/libc.a(libc_a-sbrkr.o)
 .debug_loclists
                0x0000000000004e34       0x33 /usr/local/m68k-elf/lib/libc.a(libc_a-mbtowc_r.o)
 .debug_loclists
                0x0000000000004e67     0x131f /usr/local/m68k-elf/lib/libc.a(libc_a-reallocr.o)
 .debug_loclists
                0x0000000000006186     0x1efd /usr/local/m68k-elf/lib/libc.a(libc_a-strtod.o)
 .debug_loclists
                0x0000000000008083      0x3d4 /usr/local/m68k-elf/lib/libc.a(libc_a-strtol.o)
 .debug_loclists
                0x0000000000008457      0x375 /usr/local/m68k-elf/lib/libc.a(libc_a-strtoul.o)
 .debug_loclists
                0x00000000000087cc       0x3a /usr/local/m68k-elf/lib/libc.a(libc_a-wctomb_r.o)
 .debug_loclists
                0x0000000000008806       0x6c /usr/local/m68k-elf/lib/libc.a(libc_a-mbrtowc.o)
 .debug_loclists
                0x0000000000008872     0x265f /usr/local/m68k-elf/lib/libc.a(libc_a-svfprintf.o)
 .debug_loclists
                0x000000000000aed1       0x5a /usr/local/m68k-elf/lib/libc.a(libc_a-strcmp.o)
 .debug_loclists
                0x000000000000af2b       0xe9 /usr/local/m68k-elf/lib/libc.a(libc_a-strncmp.o)
 .debug_loclists
                0x000000000000b014     0x270b /usr/local/m68k-elf/lib/libc.a(libc_a-dtoa.o)
 .debug_loclists
                0x000000000000d71f      0xece /usr/local/m68k-elf/lib/libc.a(libc_a-gdtoa-gethex.o)
 .debug_loclists
                0x000000000000e5ed      0x536 /usr/local/m68k-elf/lib/libc.a(libc_a-gdtoa-hexnan.o)
 .debug_loclists
                0x000000000000eb23     0x18c8 /usr/local/m68k-elf/lib/libc.a(libc_a-mprec.o)
 .debug_loclists
                0x00000000000103eb     0x1313 /usr/local/m68k-elf/lib/libc.a(libc_a-svfiprintf.o)
 .debug_loclists
                0x00000000000116fe      0x1c1 /usr/local/m68k-elf/lib/libc.a(libc_a-callocr.o)
 .debug_loclists
                0x00000000000118bf       0xc1 /usr/local/m68k-elf/lib/libc.a(libc_a-fiprintf.o)
 .debug_loclists
                0x0000000000011980     0x1c2f /usr/local/m68k-elf/lib/libc.a(libc_a-vfiprintf.o)
 .debug_loclists
                0x00000000000135af      0x198 /usr/local/m68k-elf/lib/libc.a(libc_a-fputwc.o)
 .debug_loclists
                0x0000000000013747      0x1de /usr/local/m68k-elf/lib/libc.a(libc_a-wcrtomb.o)
 .debug_loclists
                0x0000000000013925      0x245 /usr/local/m68k-elf/lib/libc.a(libc_a-signal.o)
 .debug_loclists
                0x0000000000013b6a       0x14 /usr/local/m68k-elf/lib/libc.a(libc_a-signalr.o)
 .debug_loclists
                0x0000000000013b7e       0x82 /usr/local/lib/gcc/m68k-elf/11/libgcc.a(_fixunsdfdi.o)
 .debug_loclists
                0x0000000000013c00       0x37 /usr/local/lib/gcc/m68k-elf/11/libgcc.a(_floatdidf.o)
 .debug_loclists
                0x0000000000013c37      0x536 /usr/local/lib/gcc/m68k-elf/11/libgcc.a(fpgnulib.o)
 .debug_loclists
                0x000000000001416d      0x1eb /usr/local/lib/gcc/m68k-elf/11/libgcc.a(xfgnulib.o)
 .debug_loclists
                0x0000000000014358       0x1f /usr/local/m68k-elf/lib/libidp.a(sbrk.o)
 .debug_loclists
                0x0000000000014377       0x37 /usr/local/m68k-elf/lib/libidp.a(mc68ec.o)

.debug_aranges  0x0000000000000000      0xcf8
 .debug_aranges
                0x0000000000000000       0x20 csys68k.o
 .debug_aranges
                0x0000000000000020       0x20 mtk_c.o
 .debug_aranges
                0x0000000000000040       0x28 test3.o
 .debug_aranges
                0x0000000000000068       0x20 /usr/local/m68k-elf/lib/libc.a(libc_a-exit.o)
 .debug_aranges
                0x0000000000000088       0x20 /usr/local/m68k-elf/lib/libc.a(libc_a-fdopen.o)
 .debug_aranges
                0x00000000000000a8       0x20 /usr/local/m68k-elf/lib/libc.a(libc_a-findfp.o)
 .debug_aranges
                0x00000000000000c8       0x20 /usr/local/m68k-elf/lib/libc.a(libc_a-flags.o)
 .debug_aranges
                0x00000000000000e8       0x20 /usr/local/m68k-elf/lib/libc.a(libc_a-fputc.o)
 .debug_aranges
                0x0000000000000108       0x20 /usr/local/m68k-elf/lib/libc.a(libc_a-fscanf.o)
 .debug_aranges
                0x0000000000000128       0x20 /usr/local/m68k-elf/lib/libc.a(libc_a-fwalk.o)
 .debug_aranges
                0x0000000000000148       0x20 /usr/local/m68k-elf/lib/libc.a(libc_a-putc.o)
 .debug_aranges
                0x0000000000000168       0x20 /usr/local/m68k-elf/lib/libc.a(libc_a-puts.o)
 .debug_aranges
                0x0000000000000188       0x20 /usr/local/m68k-elf/lib/libc.a(libc_a-stdio.o)
 .debug_aranges
                0x00000000000001a8       0x20 /usr/local/m68k-elf/lib/libc.a(libc_a-wbuf.o)
 .debug_aranges
                0x00000000000001c8       0x20 /usr/local/m68k-elf/lib/libc.a(libc_a-wsetup.o)
 .debug_aranges
                0x00000000000001e8       0x20 /usr/local/m68k-elf/lib/libc.a(libc_a-closer.o)
 .debug_aranges
                0x0000000000000208       0x20 /usr/local/m68k-elf/lib/libc.a(libc_a-reent.o)
 .debug_aranges
                0x0000000000000228       0x18 /usr/local/m68k-elf/lib/libc.a(libc_a-impure.o)
 .debug_aranges
                0x0000000000000240       0x20 /usr/local/m68k-elf/lib/libc.a(libc_a-lseekr.o)
 .debug_aranges
                0x0000000000000260       0x20 /usr/local/m68k-elf/lib/libc.a(libc_a-readr.o)
 .debug_aranges
                0x0000000000000280       0x20 /usr/local/m68k-elf/lib/libc.a(libc_a-writer.o)
 .debug_aranges
                0x00000000000002a0       0x20 /usr/local/m68k-elf/lib/libc.a(libc_a-strlen.o)
 .debug_aranges
                0x00000000000002c0       0x20 /usr/local/m68k-elf/lib/libc.a(libc_a-memset.o)
 .debug_aranges
                0x00000000000002e0       0x20 /usr/local/m68k-elf/lib/libc.a(libc_a-__call_atexit.o)
 .debug_aranges
                0x0000000000000300       0x20 /usr/local/m68k-elf/lib/libc.a(libc_a-freer.o)
 .debug_aranges
                0x0000000000000320       0x20 /usr/local/m68k-elf/lib/libc.a(libc_a-mallocr.o)
 .debug_aranges
                0x0000000000000340       0x20 /usr/local/m68k-elf/lib/libc.a(libc_a-mlock.o)
 .debug_aranges
                0x0000000000000360       0x20 /usr/local/m68k-elf/lib/libc.a(libc_a-vfscanf.o)
 .debug_aranges
                0x0000000000000380       0x20 /usr/local/m68k-elf/lib/libc.a(libc_a-fclose.o)
 .debug_aranges
                0x00000000000003a0       0x20 /usr/local/m68k-elf/lib/libc.a(libc_a-fflush.o)
 .debug_aranges
                0x00000000000003c0       0x20 /usr/local/m68k-elf/lib/libc.a(libc_a-fread.o)
 .debug_aranges
                0x00000000000003e0       0x20 /usr/local/m68k-elf/lib/libc.a(libc_a-fvwrite.o)
 .debug_aranges
                0x0000000000000400       0x20 /usr/local/m68k-elf/lib/libc.a(libc_a-makebuf.o)
 .debug_aranges
                0x0000000000000420       0x20 /usr/local/m68k-elf/lib/libc.a(libc_a-refill.o)
 .debug_aranges
                0x0000000000000440       0x20 /usr/local/m68k-elf/lib/libc.a(libc_a-sccl.o)
 .debug_aranges
                0x0000000000000460       0x20 /usr/local/m68k-elf/lib/libc.a(libc_a-sprintf.o)
 .debug_aranges
                0x0000000000000480       0x20 /usr/local/m68k-elf/lib/libc.a(libc_a-ungetc.o)
 .debug_aranges
                0x00000000000004a0       0x20 /usr/local/m68k-elf/lib/libc.a(libc_a-memchr.o)
 .debug_aranges
                0x00000000000004c0       0x20 /usr/local/m68k-elf/lib/libc.a(libc_a-memmove.o)
 .debug_aranges
                0x00000000000004e0       0x20 /usr/local/m68k-elf/lib/libc.a(libc_a-locale.o)
 .debug_aranges
                0x0000000000000500       0x20 /usr/local/m68k-elf/lib/libc.a(libc_a-localeconv.o)
 .debug_aranges
                0x0000000000000520       0x20 /usr/local/m68k-elf/lib/libc.a(libc_a-fstatr.o)
 .debug_aranges
                0x0000000000000540       0x20 /usr/local/m68k-elf/lib/libc.a(libc_a-isattyr.o)
 .debug_aranges
                0x0000000000000560       0x20 /usr/local/m68k-elf/lib/libc.a(libc_a-sbrkr.o)
 .debug_aranges
                0x0000000000000580       0x20 /usr/local/m68k-elf/lib/libc.a(libc_a-memcpy.o)
 .debug_aranges
                0x00000000000005a0       0x20 /usr/local/m68k-elf/lib/libc.a(libm_a-sf_nan.o)
 .debug_aranges
                0x00000000000005c0       0x20 /usr/local/m68k-elf/lib/libc.a(libc_a-mbtowc_r.o)
 .debug_aranges
                0x00000000000005e0       0x20 /usr/local/m68k-elf/lib/libc.a(libc_a-reallocr.o)
 .debug_aranges
                0x0000000000000600       0x20 /usr/local/m68k-elf/lib/libc.a(libc_a-strtod.o)
 .debug_aranges
                0x0000000000000620       0x20 /usr/local/m68k-elf/lib/libc.a(libc_a-strtol.o)
 .debug_aranges
                0x0000000000000640       0x20 /usr/local/m68k-elf/lib/libc.a(libc_a-strtoul.o)
 .debug_aranges
                0x0000000000000660       0x20 /usr/local/m68k-elf/lib/libc.a(libc_a-wctomb_r.o)
 .debug_aranges
                0x0000000000000680       0x20 /usr/local/m68k-elf/lib/libc.a(libc_a-mbrtowc.o)
 .debug_aranges
                0x00000000000006a0       0x18 /usr/local/m68k-elf/lib/libc.a(libc_a-ctype_.o)
 .debug_aranges
                0x00000000000006b8       0x20 /usr/local/m68k-elf/lib/libc.a(libc_a-iswspace.o)
 .debug_aranges
                0x00000000000006d8       0x20 /usr/local/m68k-elf/lib/libc.a(libc_a-iswspace_l.o)
 .debug_aranges
                0x00000000000006f8       0x20 /usr/local/m68k-elf/lib/libc.a(libc_a-svfprintf.o)
 .debug_aranges
                0x0000000000000718       0x20 /usr/local/m68k-elf/lib/libc.a(libc_a-strcmp.o)
 .debug_aranges
                0x0000000000000738       0x20 /usr/local/m68k-elf/lib/libc.a(libc_a-strncmp.o)
 .debug_aranges
                0x0000000000000758       0x20 /usr/local/m68k-elf/lib/libc.a(libc_a-errno.o)
 .debug_aranges
                0x0000000000000778       0x20 /usr/local/m68k-elf/lib/libc.a(libm_a-s_nan.o)
 .debug_aranges
                0x0000000000000798       0x20 /usr/local/m68k-elf/lib/libc.a(libc_a-dtoa.o)
 .debug_aranges
                0x00000000000007b8       0x20 /usr/local/m68k-elf/lib/libc.a(libc_a-gdtoa-gethex.o)
 .debug_aranges
                0x00000000000007d8       0x20 /usr/local/m68k-elf/lib/libc.a(libc_a-gdtoa-hexnan.o)
 .debug_aranges
                0x00000000000007f8       0x20 /usr/local/m68k-elf/lib/libc.a(libc_a-mprec.o)
 .debug_aranges
                0x0000000000000818       0x20 /usr/local/m68k-elf/lib/libc.a(libc_a-svfiprintf.o)
 .debug_aranges
                0x0000000000000838       0x20 /usr/local/m68k-elf/lib/libc.a(libc_a-assert.o)
 .debug_aranges
                0x0000000000000858       0x20 /usr/local/m68k-elf/lib/libc.a(libc_a-callocr.o)
 .debug_aranges
                0x0000000000000878       0x20 /usr/local/m68k-elf/lib/libc.a(libc_a-fiprintf.o)
 .debug_aranges
                0x0000000000000898       0x20 /usr/local/m68k-elf/lib/libc.a(libc_a-vfiprintf.o)
 .debug_aranges
                0x00000000000008b8       0x20 /usr/local/m68k-elf/lib/libc.a(libc_a-fputwc.o)
 .debug_aranges
                0x00000000000008d8       0x20 /usr/local/m68k-elf/lib/libc.a(libc_a-abort.o)
 .debug_aranges
                0x00000000000008f8       0x20 /usr/local/m68k-elf/lib/libc.a(libc_a-wcrtomb.o)
 .debug_aranges
                0x0000000000000918       0x20 /usr/local/m68k-elf/lib/libc.a(libc_a-signal.o)
 .debug_aranges
                0x0000000000000938       0x20 /usr/local/m68k-elf/lib/libc.a(libc_a-signalr.o)
 .debug_aranges
                0x0000000000000958       0x20 /usr/local/lib/gcc/m68k-elf/11/libgcc.a(_mulsi3.o)
 .debug_aranges
                0x0000000000000978       0x20 /usr/local/lib/gcc/m68k-elf/11/libgcc.a(_udivsi3.o)
 .debug_aranges
                0x0000000000000998       0x20 /usr/local/lib/gcc/m68k-elf/11/libgcc.a(_divsi3.o)
 .debug_aranges
                0x00000000000009b8       0x20 /usr/local/lib/gcc/m68k-elf/11/libgcc.a(_umodsi3.o)
 .debug_aranges
                0x00000000000009d8       0x20 /usr/local/lib/gcc/m68k-elf/11/libgcc.a(_modsi3.o)
 .debug_aranges
                0x00000000000009f8       0x20 /usr/local/lib/gcc/m68k-elf/11/libgcc.a(_double.o)
 .debug_aranges
                0x0000000000000a18       0x20 /usr/local/lib/gcc/m68k-elf/11/libgcc.a(_floatex.o)
 .debug_aranges
                0x0000000000000a38       0x20 /usr/local/lib/gcc/m68k-elf/11/libgcc.a(_eqdf2.o)
 .debug_aranges
                0x0000000000000a58       0x20 /usr/local/lib/gcc/m68k-elf/11/libgcc.a(_nedf2.o)
 .debug_aranges
                0x0000000000000a78       0x20 /usr/local/lib/gcc/m68k-elf/11/libgcc.a(_gtdf2.o)
 .debug_aranges
                0x0000000000000a98       0x20 /usr/local/lib/gcc/m68k-elf/11/libgcc.a(_ltdf2.o)
 .debug_aranges
                0x0000000000000ab8       0x20 /usr/local/lib/gcc/m68k-elf/11/libgcc.a(_ledf2.o)
 .debug_aranges
                0x0000000000000ad8       0x20 /usr/local/lib/gcc/m68k-elf/11/libgcc.a(_lesf2.o)
 .debug_aranges
                0x0000000000000af8       0x20 /usr/local/lib/gcc/m68k-elf/11/libgcc.a(_fixunsdfsi.o)
 .debug_aranges
                0x0000000000000b18       0x20 /usr/local/lib/gcc/m68k-elf/11/libgcc.a(_fixdfdi.o)
 .debug_aranges
                0x0000000000000b38       0x20 /usr/local/lib/gcc/m68k-elf/11/libgcc.a(_fixunsdfdi.o)
 .debug_aranges
                0x0000000000000b58       0x20 /usr/local/lib/gcc/m68k-elf/11/libgcc.a(_floatdidf.o)
 .debug_aranges
                0x0000000000000b78       0x20 /usr/local/lib/gcc/m68k-elf/11/libgcc.a(fpgnulib.o)
 .debug_aranges
                0x0000000000000b98       0x20 /usr/local/lib/gcc/m68k-elf/11/libgcc.a(xfgnulib.o)
 .debug_aranges
                0x0000000000000bb8       0x20 /usr/local/lib/gcc/m68k-elf/11/libgcc.a(_float.o)
 .debug_aranges
                0x0000000000000bd8       0x20 /usr/local/lib/gcc/m68k-elf/11/libgcc.a(_gedf2.o)
 .debug_aranges
                0x0000000000000bf8       0x20 /usr/local/m68k-elf/lib/libidp.a(close.o)
 .debug_aranges
                0x0000000000000c18       0x20 /usr/local/m68k-elf/lib/libidp.a(fstat.o)
 .debug_aranges
                0x0000000000000c38       0x20 /usr/local/m68k-elf/lib/libidp.a(getpid.o)
 .debug_aranges
                0x0000000000000c58       0x20 /usr/local/m68k-elf/lib/libidp.a(isatty.o)
 .debug_aranges
                0x0000000000000c78       0x20 /usr/local/m68k-elf/lib/libidp.a(kill.o)
 .debug_aranges
                0x0000000000000c98       0x20 /usr/local/m68k-elf/lib/libidp.a(lseek.o)
 .debug_aranges
                0x0000000000000cb8       0x20 /usr/local/m68k-elf/lib/libidp.a(sbrk.o)
 .debug_aranges
                0x0000000000000cd8       0x20 /usr/local/m68k-elf/lib/libidp.a(mc68ec.o)

.debug_line     0x0000000000000000    0x15f6a
 .debug_line    0x0000000000000000      0x160 csys68k.o
 .debug_line    0x0000000000000160      0x57b mtk_c.o
 .debug_line    0x00000000000006db      0x1c2 test3.o
 .debug_line    0x000000000000089d      0x11f /usr/local/m68k-elf/lib/libc.a(libc_a-exit.o)
 .debug_line    0x00000000000009bc      0x253 /usr/local/m68k-elf/lib/libc.a(libc_a-fdopen.o)
 .debug_line    0x0000000000000c0f      0x52f /usr/local/m68k-elf/lib/libc.a(libc_a-findfp.o)
 .debug_line    0x000000000000113e      0x19e /usr/local/m68k-elf/lib/libc.a(libc_a-flags.o)
 .debug_line    0x00000000000012dc      0x293 /usr/local/m68k-elf/lib/libc.a(libc_a-fputc.o)
 .debug_line    0x000000000000156f      0x180 /usr/local/m68k-elf/lib/libc.a(libc_a-fscanf.o)
 .debug_line    0x00000000000016ef      0x199 /usr/local/m68k-elf/lib/libc.a(libc_a-fwalk.o)