
Memory Configuration

Name             Origin             Length             Attributes
ram              0x0000000000000000 0x0000000000040000 xrw
rom0             0x0000000000c00000 0x0000000000080000
device           0x0000000000fff000 0x0000000000001000
*default*        0x0000000000000000 0xffffffffffffffff

Linker script and memory map

LOAD multiple_queue.o
                [!provide]                        PROVIDE (__stack = 0x3fff0)

.text           0x0000000000000400      0x186
 *(.text)
 .text          0x0000000000000400      0x186 multiple_queue.o

.data           0x0000000000000588        0x5
                0x0000000000000588                . = ALIGN (0x4)
 *(.data)
 .data          0x0000000000000588        0x5 multiple_queue.o

.bss            0x0000000000000590        0x0
                0x0000000000000590                . = ALIGN (0x4)
 *(.bss)
 .bss           0x0000000000000590        0x0 multiple_queue.o

.stab
 *(.stab)

.stabstr
 *(.stabstr)
Address of section .text set to 0x400
OUTPUT(multiple_queue.abs.tmp295065 srec)

Cross Reference Table

Symbol                                            File
No symbols
