
Memory Configuration

Name             Origin             Length             Attributes
ram              0x0000000000000000 0x0000000000040000 xrw
rom0             0x0000000000c00000 0x0000000000080000
device           0x0000000000fff000 0x0000000000001000
*default*        0x0000000000000000 0xffffffffffffffff

Linker script and memory map

LOAD selection_sort.o
                [!provide]                        PROVIDE (__stack = 0x3fff0)

.text           0x0000000000000400       0x4a
 *(.text)
 .text          0x0000000000000400       0x4a selection_sort.o

.data           0x000000000000044c        0xe
                0x000000000000044c                . = ALIGN (0x4)
 *(.data)
 .data          0x000000000000044c        0xe selection_sort.o

.bss            0x000000000000045c        0x0
                0x000000000000045c                . = ALIGN (0x4)
 *(.bss)
 .bss           0x000000000000045c        0x0 selection_sort.o

.stab
 *(.stab)

.stabstr
 *(.stabstr)
Address of section .text set to 0x400
OUTPUT(selection_sort.abs.tmp21758 srec)

Cross Reference Table

Symbol                                            File
No symbols
